Global frequency set at 1000000000000 ticks per second
warn: DRAM device capacity (32768 Mbytes) does not match the address range assigned (512 Mbytes)
warn: Sockets disabled, not accepting gdb connections
info: Entering event queue @ 0.  Starting simulation...
warn: PowerState: Already in the requested power state, request ignored
warn: ignoring syscall set_robust_list(...)
      (further warnings will be suppressed)
info: Increasing stack size by one page.
warn: ignoring syscall mprotect(...)
warn: fstatat64: first argument not AT_FDCWD; unlikely to work
MLX_OVERLAY_CLOCK started_at_tick=89991000
MLX_OVERLAY_SUMMARY {"scenario":"gem5","cycles":26945,"physical_pe_count":16,"mapped_pe_count":16,"done":true,"record_events":false,"start_in_roi":false,"pe_dependency_model":"paper_static","memory_backend":"adapter","instructions_issued":294912,"instructions_completed":294912,"max_active_tags":3,"route_hops":32768,"skip_hops":16384,"unit_hops":16384,"link_stalls":0,"max_pipeline_issues_in_cycle":35,"boundary_events_emitted":49152,"event_unblocked_issues_before_tag_complete":30545,"external_memory_requests":24576,"external_memory_completions":24576,"external_memory_wait_cycles":70057,"issued_by_pipeline":{"load":98304,"store":8192,"compute":147456,"xfer":40960},"busy_cycles_by_pipeline":{"load":25925,"store":9378,"compute":26838,"xfer":20603},"resident_pe_cycles_by_pipeline":{"load":140494,"store":32254,"compute":253980,"xfer":72559},"productive_pe_cycles_by_pipeline":{"load":98304,"store":8192,"compute":253980,"xfer":72559},"productive_global_cycles_by_pipeline":{"load":25413,"store":7706,"compute":26838,"xfer":20603},"issue_cycles_by_pipeline":{"load":25413,"store":7706,"compute":25935,"xfer":18204},"stalls_by_reason":{"event_dependency":202219,"memory_queue_full":96276,"pipeline_contention":52102}}
MLX_SPAD_ADAPTER_SUMMARY {"requests":24576,"responses":24576,"unavailable_checks":96276,"max_response_ticks":5000,"max_response_cycles":5,"bank_backpressure_cycles":0}

*** ROI STATISTICS for CORE ID: 0 ***
Simulator Time: 0.01148 seconds
Cycles: 569
Number of coalesced SPU requests: 0
Control Core Insts Issued: 44
Control Core Discarded Insts Issued: 20
Control Core Intrinsics/Instruction Issued: 12/13
Control Core Discarded Inst Stalls: 0.4545
Control Core Config Stalls: 0.0001041
Control Core Wait Stalls:   0.001608 (GLOBAL_WAITSCR_RDSCR_WRSTREAM_WAIT)  
Undispatched Streams:

ACCEL 0 STATS ***
Commands Issued: 0
CGRA Instances: 256 -- Activity Ratio: 0.001066, DFGs / Cycle: 0.001066
For backcgra, Average thoughput of all ports (overall): 0.001066, CGRA outputs/cgra busy cycles: 1
CGRA Insts / Computation Instance: 4
CGRA Insts / Cycle: 1024 / 569 = 1.8 (overall activity factor)
Mapped DFG utilization: 0.001066
Data availability ratio: 0
input port imbalance (%age dgra nodes could not fire): 0
Percentage bank conflicts: -nan
L1 cache hit rate: 0
Avg wait cycles on a byte read: 29.66
Percentage cycles spent due to conflict in atomic scr: -nan
Cycle Breakdown:
CONFIGURE:	4.569%(26)
MEMORY_BW:	4.569%(26)
CONST_BW:	0%(0)
SPAD_BW:	0%(0)
REC_WAIT:	0%(0)
COMPUTING:	44.99%(256)
HOST_WAIT:	0%(0)
SCR_BARRIER:	0%(0)
CMD_QUEUE:	0%(0)
BACKPRESSURE:	0%(0)
DRAIN_PIPE:	19.16%(109)
HOST:	26.71%(152)
Bandwidth Table: (B/c=Bytes/cycle, B/r=Bytes/request) -- Breakdown (sources/destinatinos): 
Read SPAD:	0 B (0 B/c, -nan B/r) 0
R/Request SPAD:	0 B (0 B/c)
Write SPAD:	0 B (0 B/c, -nan B/r) 0
W/Request SPAD:	0 B (0 B/c)
Read DMA:	16384 B (28.79 B/c, 64 B/r) 256
R/Request DMA:	16384 B (28.79 B/c)
Avg DMA Latency: 3.797 cycles , 3.797, 3.797, 3.797, 1.421
Write DMA:	8192 B (14.4 B/c, 61.59 B/r) 133
W/Request DMA:	8512 B (14.96 B/c)
Bubbles Caused by TLB Transfer: 0
Recur Bus:	0 B (0 B/c, -nan B/r) 0

Cores used: 1bitmask: 1
Total atomic updates: 0
Total Memory Activity: 0

 -- Parallelization Estimates --
Multi-Pipeline Cycles (cores:cycles): 1:240044 2:120022 3:80014 4:60011 5:48008 6:40007 7:34292 8:30005 9:26671 10:24004 11:21822 12:20003 13:18464 14:17146 15:16002 16:15002 17:14120 18:13335 
Multi-Pipeline Activity: (cores:cycles)1:0.001066 2:0.001066 3:0.001066 4:0.001066 5:0.001066 6:0.001066 7:0.001066 8:0.001066 9:0.001066 10:0.001066 11:0.001066 12:0.001067 13:0.001067 14:0.001066 15:0.001067 16:0.001067 17:0.001066 18:0.001067 

[single-core] initialization finished
[single-core] cpu pass finished, 12558 cycles passed! 
[single-core] warm i-cache finished, 27099 cycles passed! 
[single-core] accelerator finished ...
[single-core] sanity check passed successfully! 
gem5 Simulator System.  http://gem5.org
gem5 is copyrighted software; use the --copyright option for details.

gem5 version 20.0.0.2
gem5 compiled Aug 17 2026 19:09:32
gem5 started Aug 17 2026 19:20:00
gem5 executing on ubuntu, pid 1350024
command line: /workspace/MLX_dev/third_party/dsa-framework/dsa-gem5/build/RISCV/gem5.opt -d /workspace/MLX_dev/artifacts/environment/h63/runs/gem5/fft-4096/m5out /workspace/MLX_dev/third_party/dsa-framework/dsa-gem5/configs/example/se.py --cpu-type=MinorCPU --l1d_size=32kB --l1d_assoc=8 --l1i_size=16kB --caches --l2_size=512kB --l2cache --num-cpus=1 --cpu-clock=1GHz --sys-clock=1GHz --mem-type=DDR4_2400_16x4 --cmd=/workspace/MLX_dev/third_party/dsa-framework/dsa-apps/sdk/compiled/ss-vecadd-gnu.out

info: Standard input is not a terminal, disabling listeners.
**** REAL SIMULATION ****
Exiting @ tick 141612000 because exiting with last active thread context
warn: CheckedInt already exists in allParams. This may be caused by the Python 2.7 compatibility layer.
warn: Enum already exists in allParams. This may be caused by the Python 2.7 compatibility layer.
warn: ScopedEnum already exists in allParams. This may be caused by the Python 2.7 compatibility layer.
warn: No dot file generated. Please install pydot to generate the dot file and pdf.
