PHYSICAL_MODEL_BOUNDARY 0:outside operator=0
PHYSICAL_OPERATOR begin id=0 forward=0 layer=-1 phase=qa_forward cycle=0 host_seconds=0.00019656
PHYSICAL_OPERATOR complete id=0 forward=0 layer=-1 phase=qa_forward cycle=0 host_seconds=0.000326945
PHYSICAL_OPERATOR begin id=1 forward=0 layer=-1 phase=qa_forward cycle=0 host_seconds=0.000344788
PHYSICAL_OPERATOR complete id=1 forward=0 layer=-1 phase=qa_forward cycle=709632 host_seconds=0.150214019
PHYSICAL_OPERATOR begin id=2 forward=0 layer=-1 phase=qa_forward cycle=709632 host_seconds=0.150264363
PHYSICAL_OPERATOR complete id=2 forward=0 layer=-1 phase=qa_forward cycle=1419264 host_seconds=0.298169799
PHYSICAL_OPERATOR begin id=3 forward=0 layer=-1 phase=qa_forward cycle=1419264 host_seconds=0.298201173
PHYSICAL_OPERATOR complete id=3 forward=0 layer=-1 phase=qa_forward cycle=2064404 host_seconds=4.3114463
PHYSICAL_OPERATOR begin id=4 forward=0 layer=-1 phase=qa_forward cycle=2064404 host_seconds=4.31152224
PHYSICAL_OPERATOR complete id=4 forward=0 layer=-1 phase=qa_forward cycle=2774036 host_seconds=4.43250468
PHYSICAL_OPERATOR begin id=5 forward=0 layer=-1 phase=qa_forward cycle=2774036 host_seconds=4.43254622
PHYSICAL_OPERATOR complete id=5 forward=0 layer=-1 phase=qa_forward cycle=3419176 host_seconds=7.95163267
PHYSICAL_OPERATOR begin id=6 forward=0 layer=-1 phase=qa_forward cycle=3419176 host_seconds=7.95170549
PHYSICAL_OPERATOR complete id=6 forward=0 layer=-1 phase=qa_forward cycle=3419176 host_seconds=7.95178779
PHYSICAL_OPERATOR begin id=7 forward=0 layer=-1 phase=qa_forward cycle=3419176 host_seconds=7.95180077
PHYSICAL_OPERATOR complete id=7 forward=0 layer=-1 phase=qa_forward cycle=3419176 host_seconds=7.95185989
PHYSICAL_OPERATOR begin id=8 forward=0 layer=-1 phase=qa_forward cycle=3419176 host_seconds=7.9518716
PHYSICAL_OPERATOR complete id=8 forward=0 layer=-1 phase=qa_forward cycle=4064316 host_seconds=11.465177
PHYSICAL_OPERATOR begin id=9 forward=0 layer=-1 phase=qa_forward cycle=4064316 host_seconds=11.4652467
PHYSICAL_OPERATOR complete id=9 forward=0 layer=-1 phase=qa_forward cycle=4282476 host_seconds=12.2915445
PHYSICAL_OPERATOR begin id=10 forward=0 layer=-1 phase=qa_forward cycle=4282476 host_seconds=12.2915962
PHYSICAL_OPERATOR complete id=10 forward=0 layer=-1 phase=qa_forward cycle=4927616 host_seconds=15.793159
PHYSICAL_OPERATOR begin id=11 forward=0 layer=-1 phase=qa_forward cycle=4927616 host_seconds=15.7932374
PHYSICAL_OPERATOR complete id=11 forward=0 layer=-1 phase=qa_forward cycle=5357712 host_seconds=18.2025978
PHYSICAL_OPERATOR begin id=12 forward=0 layer=-1 phase=qa_forward cycle=5357712 host_seconds=18.2026875
PHYSICAL_OPERATOR complete id=12 forward=0 layer=-1 phase=qa_forward cycle=5575872 host_seconds=19.2195322
PHYSICAL_OPERATOR begin id=13 forward=0 layer=-1 phase=qa_forward cycle=5575872 host_seconds=19.2196182
PHYSICAL_OPERATOR complete id=13 forward=0 layer=-1 phase=qa_forward cycle=5576452 host_seconds=19.220358
PHYSICAL_OPERATOR begin id=14 forward=0 layer=-1 phase=qa_forward cycle=5576452 host_seconds=19.2203779
PHYSICAL_OPERATOR complete id=14 forward=0 layer=-1 phase=qa_forward cycle=5577016 host_seconds=19.221069
PHYSICAL_OPERATOR begin id=15 forward=0 layer=-1 phase=qa_forward cycle=5577016 host_seconds=19.2210895
PHYSICAL_OPERATOR complete id=15 forward=0 layer=-1 phase=qa_forward cycle=6222158 host_seconds=23.3010014
PHYSICAL_OPERATOR begin id=16 forward=0 layer=-1 phase=qa_forward cycle=6222158 host_seconds=23.3010848
PHYSICAL_OPERATOR complete id=16 forward=0 layer=-1 phase=qa_forward cycle=6867300 host_seconds=26.829181
PHYSICAL_OPERATOR begin id=17 forward=0 layer=-1 phase=qa_forward cycle=6867300 host_seconds=26.8292574
PHYSICAL_OPERATOR complete id=17 forward=0 layer=-1 phase=qa_forward cycle=7512440 host_seconds=30.3662563
PHYSICAL_OPERATOR begin id=18 forward=0 layer=-1 phase=qa_forward cycle=7512440 host_seconds=30.36633
PHYSICAL_OPERATOR complete id=18 forward=0 layer=-1 phase=qa_forward cycle=7512440 host_seconds=30.3664176
PHYSICAL_OPERATOR begin id=19 forward=0 layer=-1 phase=qa_forward cycle=7512440 host_seconds=30.366431
PHYSICAL_OPERATOR complete id=19 forward=0 layer=-1 phase=qa_forward cycle=7513084 host_seconds=30.3666328
PHYSICAL_OPERATOR begin id=20 forward=0 layer=-1 phase=qa_forward cycle=7513084 host_seconds=30.3666504
PHYSICAL_OPERATOR complete id=20 forward=0 layer=-1 phase=qa_forward cycle=7513488 host_seconds=30.3668124
PHYSICAL_OPERATOR begin id=21 forward=0 layer=-1 phase=qa_forward cycle=7513488 host_seconds=30.3668261
PHYSICAL_OPERATOR complete id=21 forward=0 layer=-1 phase=qa_forward cycle=7513513 host_seconds=30.3668837
PHYSICAL_MODEL_BOUNDARY 0:0 operator=22
PHYSICAL_OPERATOR begin id=22 forward=0 layer=0 phase=qa_forward cycle=7513513 host_seconds=30.3668982
PHYSICAL_OPERATOR failed id=22 forward=0 layer=0 phase=qa_forward cycle=17513513 host_seconds=33.1746451
PHYSICAL_MODEL_EXECUTION_FAIL: physical operator 22: matrix scheduler exceeded cycle bound
