OpenROAD v2.0-17598-ga008522d8 
Features included (+) or not (-): +Charts +GPU +GUI +Python : None
This program is licensed under the BSD-3 license. See the LICENSE file for details.
Components of this program may be licensed under more restrictive licenses which must be honored.
[INFO ODB-0227] LEF file: /opt/OpenROAD-flow-scripts/flow/platforms/nangate45/lef/NangateOpenCellLibrary.tech.lef, created 22 layers, 27 vias
[INFO ODB-0227] LEF file: /opt/OpenROAD-flow-scripts/flow/platforms/nangate45/lef/NangateOpenCellLibrary.macro.lef, created 134 library cells
Annotated 143 pin activities.
PPA_TIMING_BEGIN
Startpoint: _5557_ (rising edge-triggered flip-flop clocked by clk)
Endpoint: _5557_ (rising edge-triggered flip-flop clocked by clk)
Path Group: clk
Path Type: max

        Cap        Slew       Delay        Time   Description
---------------------------------------------------------------------------------------
               0.000000    0.000000    0.000000   clock clk (rise edge)
                           0.000000    0.000000   clock network delay (ideal)
               0.000000    0.000000    0.000000 ^ _5557_/CK (DFF_X1)
   2.428898    0.007169    0.080226    0.080226 v _5557_/Q (DFF_X1)
   1.062342    0.016479    0.055432    0.135658 v _2413_/Z (MUX2_X1)
               0.016479    0.000000    0.135658 v _5557_/D (DFF_X1)
                                       0.135658   data arrival time

               0.000000    1.000000    1.000000   clock clk (rise edge)
                           0.000000    1.000000   clock network delay (ideal)
                           0.000000    1.000000   clock reconvergence pessimism
                                       1.000000 ^ _5557_/CK (DFF_X1)
                          -0.043438    0.956563   library setup time
                                       0.956563   data required time
---------------------------------------------------------------------------------------
                                       0.956563   data required time
                                      -0.135658   data arrival time
---------------------------------------------------------------------------------------
                                       0.820905   slack (MET)


PPA_TIMING_END
PPA_POWER_BEGIN
Group                  Internal  Switching    Leakage      Total
                          Power      Power      Power      Power (Watts)
----------------------------------------------------------------
Sequential             8.90e-03   1.35e-06   9.75e-05   8.99e-03  99.0%
Combinational          8.93e-06   2.35e-06   8.33e-05   9.46e-05   1.0%
Clock                  0.00e+00   0.00e+00   0.00e+00   0.00e+00   0.0%
Macro                  0.00e+00   0.00e+00   0.00e+00   0.00e+00   0.0%
Pad                    0.00e+00   0.00e+00   0.00e+00   0.00e+00   0.0%
----------------------------------------------------------------
Total                  8.91e-03   3.70e-06   1.81e-04   9.09e-03 100.0%
                          98.0%       0.0%       2.0%
PPA_POWER_END
