OpenROAD v2.0-17598-ga008522d8 
Features included (+) or not (-): +Charts +GPU +GUI +Python : None
This program is licensed under the BSD-3 license. See the LICENSE file for details.
Components of this program may be licensed under more restrictive licenses which must be honored.
[INFO ODB-0227] LEF file: /opt/OpenROAD-flow-scripts/flow/platforms/nangate45/lef/NangateOpenCellLibrary.tech.lef, created 22 layers, 27 vias
[INFO ODB-0227] LEF file: /opt/OpenROAD-flow-scripts/flow/platforms/nangate45/lef/NangateOpenCellLibrary.macro.lef, created 134 library cells
Annotated 143 pin activities.
PPA_TIMING_BEGIN
Startpoint: _331_ (rising edge-triggered flip-flop clocked by clk)
Endpoint: _331_ (rising edge-triggered flip-flop clocked by clk)
Path Group: clk
Path Type: max

        Cap        Slew       Delay        Time   Description
---------------------------------------------------------------------------------------
               0.000000    0.000000    0.000000   clock clk (rise edge)
                           0.000000    0.000000   clock network delay (ideal)
               0.000000    0.000000    0.000000 ^ _331_/CK (DFF_X1)
   1.799404    0.006575    0.079113    0.079113 v _331_/Q (DFF_X1)
   1.062342    0.016453    0.055179    0.134292 v _265_/Z (MUX2_X1)
               0.016453    0.000000    0.134292 v _331_/D (DFF_X1)
                                       0.134292   data arrival time

               0.000000    1.000000    1.000000   clock clk (rise edge)
                           0.000000    1.000000   clock network delay (ideal)
                           0.000000    1.000000   clock reconvergence pessimism
                                       1.000000 ^ _331_/CK (DFF_X1)
                          -0.043427    0.956573   library setup time
                                       0.956573   data required time
---------------------------------------------------------------------------------------
                                       0.956573   data required time
                                      -0.134292   data arrival time
---------------------------------------------------------------------------------------
                                       0.822281   slack (MET)


PPA_TIMING_END
PPA_POWER_BEGIN
Group                  Internal  Switching    Leakage      Total
                          Power      Power      Power      Power (Watts)
----------------------------------------------------------------
Sequential             8.83e-04   1.02e-06   9.84e-06   8.94e-04  98.7%
Combinational          5.16e-06   6.66e-07   5.71e-06   1.15e-05   1.3%
Clock                  0.00e+00   0.00e+00   0.00e+00   0.00e+00   0.0%
Macro                  0.00e+00   0.00e+00   0.00e+00   0.00e+00   0.0%
Pad                    0.00e+00   0.00e+00   0.00e+00   0.00e+00   0.0%
----------------------------------------------------------------
Total                  8.88e-04   1.68e-06   1.56e-05   9.05e-04 100.0%
                          98.1%       0.2%       1.7%
PPA_POWER_END
