OpenROAD v2.0-17598-ga008522d8 
Features included (+) or not (-): +Charts +GPU +GUI +Python : None
This program is licensed under the BSD-3 license. See the LICENSE file for details.
Components of this program may be licensed under more restrictive licenses which must be honored.
[INFO ODB-0227] LEF file: /opt/OpenROAD-flow-scripts/flow/platforms/nangate45/lef/NangateOpenCellLibrary.tech.lef, created 22 layers, 27 vias
[INFO ODB-0227] LEF file: /opt/OpenROAD-flow-scripts/flow/platforms/nangate45/lef/NangateOpenCellLibrary.macro.lef, created 134 library cells
Annotated 1130 pin activities.
PPA_TIMING_BEGIN
Startpoint: _3905_ (rising edge-triggered flip-flop clocked by clk)
Endpoint: _3912_ (rising edge-triggered flip-flop clocked by clk)
Path Group: clk
Path Type: max

        Cap        Slew       Delay        Time   Description
---------------------------------------------------------------------------------------
               0.000000    0.000000    0.000000   clock clk (rise edge)
                           0.000000    0.000000   clock network delay (ideal)
               0.000000    0.000000    0.000000 ^ _3905_/CK (DFFR_X1)
   8.598991    0.023852    0.115337    0.115337 ^ _3905_/Q (DFFR_X1)
   3.932010    0.017466    0.029131    0.144468 v _1892_/ZN (NAND3_X1)
   5.678124    0.033942    0.051976    0.196444 ^ _1894_/ZN (NOR2_X1)
   3.932010    0.017157    0.031763    0.228207 v _1898_/ZN (NAND3_X1)
   4.027747    0.026285    0.043432    0.271639 ^ _1900_/ZN (NOR2_X1)
   2.368165    0.009654    0.018714    0.290353 v _1902_/ZN (NAND2_X1)
   1.052731    0.008582    0.036967    0.327320 v _1904_/ZN (XNOR2_X1)
               0.008582    0.000000    0.327320 v _3912_/D (DFFR_X1)
                                       0.327320   data arrival time

               0.000000    1.000000    1.000000   clock clk (rise edge)
                           0.000000    1.000000   clock network delay (ideal)
                           0.000000    1.000000   clock reconvergence pessimism
                                       1.000000 ^ _3912_/CK (DFFR_X1)
                          -0.040528    0.959472   library setup time
                                       0.959472   data required time
---------------------------------------------------------------------------------------
                                       0.959472   data required time
                                      -0.327320   data arrival time
---------------------------------------------------------------------------------------
                                       0.632152   slack (MET)


PPA_TIMING_END
PPA_POWER_BEGIN
Group                  Internal  Switching    Leakage      Total
                          Power      Power      Power      Power (Watts)
----------------------------------------------------------------
Sequential             7.99e-03   8.68e-05   9.30e-05   8.17e-03  96.3%
Combinational          2.17e-04   5.30e-05   4.06e-05   3.11e-04   3.7%
Clock                  0.00e+00   0.00e+00   0.00e+00   0.00e+00   0.0%
Macro                  0.00e+00   0.00e+00   0.00e+00   0.00e+00   0.0%
Pad                    0.00e+00   0.00e+00   0.00e+00   0.00e+00   0.0%
----------------------------------------------------------------
Total                  8.21e-03   1.40e-04   1.34e-04   8.48e-03 100.0%
                          96.8%       1.6%       1.6%
PPA_POWER_END
