OpenROAD v2.0-17598-ga008522d8 
Features included (+) or not (-): +Charts +GPU +GUI +Python : None
This program is licensed under the BSD-3 license. See the LICENSE file for details.
Components of this program may be licensed under more restrictive licenses which must be honored.
[INFO ODB-0227] LEF file: /opt/OpenROAD-flow-scripts/flow/platforms/nangate45/lef/NangateOpenCellLibrary.tech.lef, created 22 layers, 27 vias
[INFO ODB-0227] LEF file: /opt/OpenROAD-flow-scripts/flow/platforms/nangate45/lef/NangateOpenCellLibrary.macro.lef, created 134 library cells
Annotated 2313 pin activities.
PPA_TIMING_BEGIN
Startpoint: _53250_ (rising edge-triggered flip-flop clocked by clk)
Endpoint: _53250_ (rising edge-triggered flip-flop clocked by clk)
Path Group: clk
Path Type: max

        Cap        Slew       Delay        Time   Description
---------------------------------------------------------------------------------------
               0.000000    0.000000    0.000000   clock clk (rise edge)
                           0.000000    0.000000   clock network delay (ideal)
               0.000000    0.000000    0.000000 ^ _53250_/CK (DFFR_X1)
   1.674199    0.009938    0.099434    0.099434 ^ _53250_/Q (DFFR_X1)
   1.518574    0.118083    0.013242    0.112676 v _45702_/ZN (NAND2_X1)
   1.128277    0.050028    0.052210    0.164886 ^ _45781_/ZN (OAI21_X1)
               0.050028    0.000000    0.164886 ^ _53250_/D (DFFR_X1)
                                       0.164886   data arrival time

               0.000000    1.000000    1.000000   clock clk (rise edge)
                           0.000000    1.000000   clock network delay (ideal)
                           0.000000    1.000000   clock reconvergence pessimism
                                       1.000000 ^ _53250_/CK (DFFR_X1)
                          -0.043649    0.956351   library setup time
                                       0.956351   data required time
---------------------------------------------------------------------------------------
                                       0.956351   data required time
                                      -0.164886   data arrival time
---------------------------------------------------------------------------------------
                                       0.791465   slack (MET)


PPA_TIMING_END
PPA_POWER_BEGIN
Group                  Internal  Switching    Leakage      Total
                          Power      Power      Power      Power (Watts)
----------------------------------------------------------------
Sequential             1.01e-02   3.19e-04   6.77e-05   1.05e-02  62.4%
Combinational          2.89e-03   5.81e-04   2.86e-03   6.32e-03  37.6%
Clock                  0.00e+00   0.00e+00   0.00e+00   0.00e+00   0.0%
Macro                  0.00e+00   0.00e+00   0.00e+00   0.00e+00   0.0%
Pad                    0.00e+00   0.00e+00   0.00e+00   0.00e+00   0.0%
----------------------------------------------------------------
Total                  1.30e-02   9.01e-04   2.92e-03   1.68e-02 100.0%
                          77.3%       5.4%      17.4%
PPA_POWER_END
