OpenROAD v2.0-17598-ga008522d8 
Features included (+) or not (-): +Charts +GPU +GUI +Python : None
This program is licensed under the BSD-3 license. See the LICENSE file for details.
Components of this program may be licensed under more restrictive licenses which must be honored.
[INFO ODB-0227] LEF file: /opt/OpenROAD-flow-scripts/flow/platforms/nangate45/lef/NangateOpenCellLibrary.tech.lef, created 22 layers, 27 vias
[INFO ODB-0227] LEF file: /opt/OpenROAD-flow-scripts/flow/platforms/nangate45/lef/NangateOpenCellLibrary.macro.lef, created 134 library cells
Annotated 564 pin activities.
PPA_TIMING_BEGIN
Startpoint: _53369_ (rising edge-triggered flip-flop clocked by clk)
Endpoint: _53123_ (rising edge-triggered flip-flop clocked by clk)
Path Group: clk
Path Type: max

        Cap        Slew       Delay        Time   Description
---------------------------------------------------------------------------------------
               0.000000    0.000000    0.000000   clock clk (rise edge)
                           0.000000    0.000000   clock network delay (ideal)
               0.000000    0.000000    0.000000 ^ _53369_/CK (DFFR_X1)
 245.313446    0.562563    0.679306    0.679306 ^ _53369_/Q (DFFR_X1)
   9.412230    0.139826    0.113845    0.793151 v _26680_/ZN (AOI221_X1)
 110.587242    1.076169    1.277784    2.070935 ^ _26946_/ZN (NOR4_X1)
 115.552109    0.215683    0.742438    2.813373 v _26947_/ZN (NAND2_X1)
   1.062342    0.016636    0.115332    2.928706 v _26948_/Z (MUX2_X1)
               0.016636    0.000000    2.928706 v _53123_/D (DFF_X1)
                                       2.928706   data arrival time

               0.000000    1.000000    1.000000   clock clk (rise edge)
                           0.000000    1.000000   clock network delay (ideal)
                           0.000000    1.000000   clock reconvergence pessimism
                                       1.000000 ^ _53123_/CK (DFF_X1)
                          -0.043502    0.956498   library setup time
                                       0.956498   data required time
---------------------------------------------------------------------------------------
                                       0.956498   data required time
                                      -2.928706   data arrival time
---------------------------------------------------------------------------------------
                                      -1.972207   slack (VIOLATED)


PPA_TIMING_END
PPA_POWER_BEGIN
Group                  Internal  Switching    Leakage      Total
                          Power      Power      Power      Power (Watts)
----------------------------------------------------------------
Sequential             4.89e-02   7.81e-05   5.37e-04   4.95e-02  96.4%
Combinational          7.40e-04   3.52e-04   7.77e-04   1.87e-03   3.6%
Clock                  0.00e+00   0.00e+00   0.00e+00   0.00e+00   0.0%
Macro                  0.00e+00   0.00e+00   0.00e+00   0.00e+00   0.0%
Pad                    0.00e+00   0.00e+00   0.00e+00   0.00e+00   0.0%
----------------------------------------------------------------
Total                  4.96e-02   4.30e-04   1.31e-03   5.13e-02 100.0%
                          96.6%       0.8%       2.6%
PPA_POWER_END
