OpenROAD v2.0-17598-ga008522d8 
Features included (+) or not (-): +Charts +GPU +GUI +Python : None
This program is licensed under the BSD-3 license. See the LICENSE file for details.
Components of this program may be licensed under more restrictive licenses which must be honored.
[INFO ODB-0227] LEF file: /opt/OpenROAD-flow-scripts/flow/platforms/nangate45/lef/NangateOpenCellLibrary.tech.lef, created 22 layers, 27 vias
[INFO ODB-0227] LEF file: /opt/OpenROAD-flow-scripts/flow/platforms/nangate45/lef/NangateOpenCellLibrary.macro.lef, created 134 library cells
Annotated 193 pin activities.
PPA_TIMING_BEGIN
Startpoint: _1762_ (rising edge-triggered flip-flop clocked by clk)
Endpoint: _1779_ (rising edge-triggered flip-flop clocked by clk)
Path Group: clk
Path Type: max

        Cap        Slew       Delay        Time   Description
---------------------------------------------------------------------------------------
               0.000000    0.000000    0.000000   clock clk (rise edge)
                           0.000000    0.000000   clock network delay (ideal)
               0.000000    0.000000    0.000000 ^ _1762_/CK (DFFR_X1)
   3.976708    0.009058    0.088503    0.088503 v _1762_/Q (DFFR_X1)
   1.647003    0.007076    0.012466    0.100969 ^ _0714_/ZN (INV_X1)
   1.550381    0.016233    0.012471    0.113439 v _0760_/ZN (AOI21_X1)
   9.622407    0.117984    0.146863    0.260302 ^ _0761_/ZN (OAI33_X1)
   6.367334    0.023420    0.091886    0.352188 ^ _0768_/ZN (AND4_X1)
   6.733447    0.035785    0.051497    0.403684 v _0777_/ZN (NAND4_X1)
  15.062628    0.080292    0.106041    0.509726 ^ _0787_/ZN (OAI21_X1)
   1.052731    0.009324    0.062282    0.572008 v _0794_/Z (MUX2_X1)
               0.009324    0.000000    0.572008 v _1779_/D (DFFR_X1)
                                       0.572008   data arrival time

               0.000000    1.000000    1.000000   clock clk (rise edge)
                           0.000000    1.000000   clock network delay (ideal)
                           0.000000    1.000000   clock reconvergence pessimism
                                       1.000000 ^ _1779_/CK (DFFR_X1)
                          -0.040827    0.959173   library setup time
                                       0.959173   data required time
---------------------------------------------------------------------------------------
                                       0.959173   data required time
                                      -0.572008   data arrival time
---------------------------------------------------------------------------------------
                                       0.387165   slack (MET)


PPA_TIMING_END
PPA_POWER_BEGIN
Group                  Internal  Switching    Leakage      Total
                          Power      Power      Power      Power (Watts)
----------------------------------------------------------------
Sequential             2.32e-03   6.21e-07   2.80e-05   2.35e-03  99.1%
Combinational          1.33e-06   2.96e-07   1.97e-05   2.13e-05   0.9%
Clock                  0.00e+00   0.00e+00   0.00e+00   0.00e+00   0.0%
Macro                  0.00e+00   0.00e+00   0.00e+00   0.00e+00   0.0%
Pad                    0.00e+00   0.00e+00   0.00e+00   0.00e+00   0.0%
----------------------------------------------------------------
Total                  2.32e-03   9.17e-07   4.77e-05   2.37e-03 100.0%
                          97.9%       0.0%       2.0%
PPA_POWER_END
