OpenROAD v2.0-17598-ga008522d8 
Features included (+) or not (-): +Charts +GPU +GUI +Python : None
This program is licensed under the BSD-3 license. See the LICENSE file for details.
Components of this program may be licensed under more restrictive licenses which must be honored.
[INFO ODB-0227] LEF file: /opt/OpenROAD-flow-scripts/flow/platforms/nangate45/lef/NangateOpenCellLibrary.tech.lef, created 22 layers, 27 vias
[INFO ODB-0227] LEF file: /opt/OpenROAD-flow-scripts/flow/platforms/nangate45/lef/NangateOpenCellLibrary.macro.lef, created 134 library cells
Annotated 229 pin activities.
PPA_TIMING_BEGIN
Startpoint: _7054_ (rising edge-triggered flip-flop clocked by clk)
Endpoint: _7078_ (rising edge-triggered flip-flop clocked by clk)
Path Group: clk
Path Type: max

        Cap        Slew       Delay        Time   Description
---------------------------------------------------------------------------------------
               0.000000    0.000000    0.000000   clock clk (rise edge)
                           0.000000    0.000000   clock network delay (ideal)
               0.000000    0.000000    0.000000 ^ _7054_/CK (DFFR_X1)
   3.978258    0.009059    0.088505    0.088505 v _7054_/Q (DFFR_X1)
   1.615611    0.007011    0.012377    0.100883 ^ _2932_/ZN (INV_X1)
   1.554231    0.017725    0.019890    0.120773 v _3088_/ZN (OAI22_X1)
   3.287230    0.057538    0.098709    0.219482 ^ _3089_/ZN (NOR4_X1)
   5.867906    0.050751    0.042076    0.261557 v _3091_/ZN (AOI22_X1)
   5.867906    0.022620    0.137330    0.398887 v _3106_/ZN (OR4_X1)
  24.251432    0.042120    0.165598    0.564486 v _3121_/ZN (OR4_X1)
  15.062628    0.080973    0.108840    0.673326 ^ _3150_/ZN (OAI21_X1)
   1.052731    0.010073    0.062287    0.735613 v _3159_/Z (MUX2_X1)
               0.010073    0.000000    0.735613 v _7078_/D (DFFR_X1)
                                       0.735613   data arrival time

               0.000000    1.000000    1.000000   clock clk (rise edge)
                           0.000000    1.000000   clock network delay (ideal)
                           0.000000    1.000000   clock reconvergence pessimism
                                       1.000000 ^ _7078_/CK (DFFR_X1)
                          -0.041128    0.958872   library setup time
                                       0.958872   data required time
---------------------------------------------------------------------------------------
                                       0.958872   data required time
                                      -0.735613   data arrival time
---------------------------------------------------------------------------------------
                                       0.223259   slack (MET)


PPA_TIMING_END
PPA_POWER_BEGIN
Group                  Internal  Switching    Leakage      Total
                          Power      Power      Power      Power (Watts)
----------------------------------------------------------------
Sequential             9.29e-03   5.73e-07   1.12e-04   9.40e-03  98.9%
Combinational          1.35e-06   4.07e-07   9.98e-05   1.02e-04   1.1%
Clock                  0.00e+00   0.00e+00   0.00e+00   0.00e+00   0.0%
Macro                  0.00e+00   0.00e+00   0.00e+00   0.00e+00   0.0%
Pad                    0.00e+00   0.00e+00   0.00e+00   0.00e+00   0.0%
----------------------------------------------------------------
Total                  9.29e-03   9.80e-07   2.12e-04   9.50e-03 100.0%
                          97.8%       0.0%       2.2%
PPA_POWER_END
