OpenROAD v2.0-17598-ga008522d8 
Features included (+) or not (-): +Charts +GPU +GUI +Python : None
This program is licensed under the BSD-3 license. See the LICENSE file for details.
Components of this program may be licensed under more restrictive licenses which must be honored.
[INFO ODB-0227] LEF file: /opt/OpenROAD-flow-scripts/flow/platforms/nangate45/lef/NangateOpenCellLibrary.tech.lef, created 22 layers, 27 vias
[INFO ODB-0227] LEF file: /opt/OpenROAD-flow-scripts/flow/platforms/nangate45/lef/NangateOpenCellLibrary.macro.lef, created 134 library cells
Annotated 1551 pin activities.
PPA_TIMING_BEGIN
Startpoint: _15255_ (rising edge-triggered flip-flop clocked by clk)
Endpoint: _15255_ (rising edge-triggered flip-flop clocked by clk)
Path Group: clk
Path Type: max

        Cap        Slew       Delay        Time   Description
---------------------------------------------------------------------------------------
               0.000000    0.000000    0.000000   clock clk (rise edge)
                           0.000000    0.000000   clock network delay (ideal)
               0.000000    0.000000    0.000000 ^ _15255_/CK (DFFR_X1)
   0.899702    0.005979    0.082663    0.082663 v _15255_/Q (DFFR_X1)
   1.052731    0.114021    0.054896    0.137559 v _14295_/Z (MUX2_X1)
               0.114021    0.000000    0.137559 v _15255_/D (DFFR_X1)
                                       0.137559   data arrival time

               0.000000    1.000000    1.000000   clock clk (rise edge)
                           0.000000    1.000000   clock network delay (ideal)
                           0.000000    1.000000   clock reconvergence pessimism
                                       1.000000 ^ _15255_/CK (DFFR_X1)
                          -0.075857    0.924143   library setup time
                                       0.924143   data required time
---------------------------------------------------------------------------------------
                                       0.924143   data required time
                                      -0.137559   data arrival time
---------------------------------------------------------------------------------------
                                       0.786584   slack (MET)


PPA_TIMING_END
PPA_POWER_BEGIN
Group                  Internal  Switching    Leakage      Total
                          Power      Power      Power      Power (Watts)
----------------------------------------------------------------
Sequential             1.88e-02   1.52e-04   2.21e-04   1.91e-02  89.5%
Combinational          1.69e-03   3.42e-04   2.20e-04   2.25e-03  10.5%
Clock                  0.00e+00   0.00e+00   0.00e+00   0.00e+00   0.0%
Macro                  0.00e+00   0.00e+00   0.00e+00   0.00e+00   0.0%
Pad                    0.00e+00   0.00e+00   0.00e+00   0.00e+00   0.0%
----------------------------------------------------------------
Total                  2.04e-02   4.94e-04   4.41e-04   2.14e-02 100.0%
                          95.6%       2.3%       2.1%
PPA_POWER_END
