Global frequency set at 1000000000000 ticks per second
warn: DRAM device capacity (32768 Mbytes) does not match the address range assigned (512 Mbytes)
warn: Sockets disabled, not accepting gdb connections
info: Entering event queue @ 0.  Starting simulation...
warn: PowerState: Already in the requested power state, request ignored
warn: ignoring syscall set_robust_list(...)
      (further warnings will be suppressed)
info: Increasing stack size by one page.
warn: ignoring syscall mprotect(...)
warn: fstatat64: first argument not AT_FDCWD; unlikely to work
MLX_OVERLAY_CLOCK waiting_for_roi
MLX_OVERLAY_CLOCK started_at_tick=3528864000
MLX_OVERLAY_SUMMARY {"scenario":"gem5","cycles":4093,"done":true,"record_events":false,"start_in_roi":true,"memory_backend":"dsagen_dma","instructions_issued":6624,"instructions_completed":6624,"max_active_tags":4,"route_hops":672,"skip_hops":96,"unit_hops":576,"link_stalls":0,"max_pipeline_issues_in_cycle":14,"boundary_events_emitted":672,"event_unblocked_issues_before_tag_complete":476,"external_memory_requests":192,"external_memory_completions":192,"external_memory_wait_cycles":10819,"issued_by_pipeline":{"load":96,"store":96,"compute":5856,"xfer":576},"busy_cycles_by_pipeline":{"load":2637,"store":305,"compute":3305,"xfer":514},"stalls_by_reason":{"event_dependency":96175,"pipeline_contention":11480,"register_pending":20189,"register_waw":19622,"rf_read_bank":114,"rf_write_ports":78}}
MLX_DMA_ADAPTER_SUMMARY {"requests":192,"responses":192,"read_requests":96,"write_requests":96,"read_responses":96,"write_responses":96,"failed_responses":0,"unavailable_checks":0,"queue_backpressure_checks":0,"max_outstanding":12,"max_response_ticks":120000,"max_response_cycles":120,"read_byte_sum":384,"outstanding":0}
[mlx-dma] initialization finished
MLX_DMA_GUEST_SYMBOLS {"cold":2633728,"write":2629632,"initial_checksum":84480,"evict_checksum":0}
[mlx-dma] cpu pass finished, 15642 cycles passed!
[mlx-dma] warm i-cache finished, 797 cycles passed!
MLX_DMA_GUEST_SUMMARY {"store_checksum":58080,"wait_checksum":0}
[mlx-dma] accelerator finished ...
[mlx-dma] sanity check passed successfully!
gem5 Simulator System.  http://gem5.org
gem5 is copyrighted software; use the --copyright option for details.

gem5 version 20.0.0.2
gem5 compiled Aug 17 2026 16:12:35
gem5 started Aug 17 2026 17:02:14
gem5 executing on ubuntu, pid 1206597
command line: /workspace/MLX_dev/third_party/dsa-framework/dsa-gem5/build/RISCV/gem5.opt -d /workspace/MLX_dev/artifacts/environment/h50/runs/fft_cmp--InternLM2_4K/m5out /workspace/MLX_dev/third_party/dsa-framework/dsa-gem5/configs/example/se.py --cpu-type=MinorCPU --l1d_size=32kB --l1d_assoc=8 --l1i_size=16kB --caches --l2_size=512kB --l2cache --num-cpus=1 --cpu-clock=1GHz --sys-clock=1GHz --mem-type=DDR4_2400_16x4 --cmd=/workspace/MLX_dev/third_party/dsa-framework/dsa-apps/sdk/compiled/ss-mlx-dma.out

info: Standard input is not a terminal, disabling listeners.
**** REAL SIMULATION ****
Exiting @ tick 3562555000 because exiting with last active thread context
warn: CheckedInt already exists in allParams. This may be caused by the Python 2.7 compatibility layer.
warn: Enum already exists in allParams. This may be caused by the Python 2.7 compatibility layer.
warn: ScopedEnum already exists in allParams. This may be caused by the Python 2.7 compatibility layer.
warn: No dot file generated. Please install pydot to generate the dot file and pdf.
