Global frequency set at 1000000000000 ticks per second
warn: DRAM device capacity (32768 Mbytes) does not match the address range assigned (512 Mbytes)
warn: Sockets disabled, not accepting gdb connections
info: Entering event queue @ 0.  Starting simulation...
warn: PowerState: Already in the requested power state, request ignored
warn: ignoring syscall set_robust_list(...)
      (further warnings will be suppressed)
info: Increasing stack size by one page.
warn: ignoring syscall mprotect(...)
warn: fstatat64: first argument not AT_FDCWD; unlikely to work
MLX_OVERLAY_SUMMARY {"scenario":"gem5","cycles":15610,"done":true,"memory_backend":"adapter","instructions_issued":35840,"instructions_completed":35840,"max_active_tags":3,"route_hops":5120,"skip_hops":5120,"unit_hops":0,"link_stalls":0,"max_pipeline_issues_in_cycle":5,"boundary_events_emitted":5120,"event_unblocked_issues_before_tag_complete":960,"external_memory_requests":15360,"external_memory_completions":15360,"external_memory_wait_cycles":45882,"issued_by_pipeline":{"load":10240,"store":5120,"compute":15360,"xfer":5120},"busy_cycles_by_pipeline":{"load":15294,"store":12762,"compute":15003,"xfer":9118},"stalls_by_reason":{"event_dependency":202112,"memory_queue_full":238343,"pipeline_contention":15955,"rf_write_ports":616}}
MLX_SPAD_ADAPTER_SUMMARY {"requests":15360,"responses":15360,"unavailable_checks":238343,"max_response_ticks":5000,"max_response_cycles":5,"bank_backpressure_cycles":0}
[mlx-wait] initialization finished
[mlx-wait] cpu pass finished, 12560 cycles passed!
[mlx-wait] warm i-cache finished, 650 cycles passed!
roi ticks: 6501
[mlx-wait] host wait checksum: 63748464
[mlx-wait] accelerator finished ...
[mlx-wait] sanity check passed successfully!
gem5 Simulator System.  http://gem5.org
gem5 is copyrighted software; use the --copyright option for details.

gem5 version 20.0.0.2
gem5 compiled Aug 17 2026 14:43:22
gem5 started Aug 17 2026 15:14:40
gem5 executing on ubuntu, pid 1101485
command line: /workspace/MLX_dev/third_party/dsa-framework/dsa-gem5/build/RISCV/gem5.opt -d /workspace/MLX_dev/artifacts/environment/h44/runs/fft-1024/m5out /workspace/MLX_dev/third_party/dsa-framework/dsa-gem5/configs/example/se.py --cpu-type=MinorCPU --l1d_size=32kB --l1d_assoc=8 --l1i_size=16kB --caches --l2_size=512kB --l2cache --num-cpus=1 --cpu-clock=1GHz --sys-clock=1GHz --mem-type=DDR4_2400_16x4 --cmd=/workspace/MLX_dev/third_party/dsa-framework/dsa-apps/sdk/compiled/ss-vecadd-gnu-wait.out

info: Standard input is not a terminal, disabling listeners.
**** REAL SIMULATION ****
Exiting @ tick 6621607000 because exiting with last active thread context
warn: CheckedInt already exists in allParams. This may be caused by the Python 2.7 compatibility layer.
warn: Enum already exists in allParams. This may be caused by the Python 2.7 compatibility layer.
warn: ScopedEnum already exists in allParams. This may be caused by the Python 2.7 compatibility layer.
warn: No dot file generated. Please install pydot to generate the dot file and pdf.
