{
  "synthesis_records": 12,
  "power_records": 20,
  "raw": {
    "full_area_um2": {
      "config_network": 15205.358,
      "data_network": 23936.808,
      "control_logic": 416.556,
      "tag_buffer": 7204.61,
      "register_file": 19361.874,
      "fu_simd32": 90520.066
    },
    "reduced_area_um2": {
      "config_network": 15205.358,
      "data_network": 23936.808,
      "control_logic": 416.556,
      "tag_buffer": 7204.61,
      "register_file": 4972.338,
      "fu_simd32": 21058.688
    },
    "full_average_power_w": {
      "config_network": 0.0145,
      "data_network": 0.062099999999999995,
      "control_logic": 0.000124,
      "tag_buffer": 0.00576,
      "register_file": 0.01746666666666667,
      "fu_simd32": 0.0205
    },
    "reduced_power_w": {
      "config_network": 0.0145,
      "data_network": 0.062099999999999995,
      "control_logic": 0.000124,
      "tag_buffer": 0.00576,
      "register_file": 0.00433,
      "fu_simd32": 0.00199
    }
  },
  "checks": {
    "synthesis_count": true,
    "synthesis": true,
    "power_count": true,
    "power": true,
    "timing": true,
    "raw_area": true,
    "raw_power": true
  }
}
