Global frequency set at 1000000000000 ticks per second
warn: DRAM device capacity (32768 Mbytes) does not match the address range assigned (512 Mbytes)
warn: Sockets disabled, not accepting gdb connections
info: Entering event queue @ 0.  Starting simulation...
warn: PowerState: Already in the requested power state, request ignored
warn: ignoring syscall set_robust_list(...)
      (further warnings will be suppressed)
info: Increasing stack size by one page.
warn: ignoring syscall mprotect(...)
warn: fstatat64: first argument not AT_FDCWD; unlikely to work
MLX_OVERLAY_CLOCK waiting_for_roi
MLX_OVERLAY_CLOCK started_at_tick=3528864000
MLX_OVERLAY_SUMMARY {"scenario":"gem5","cycles":2670,"done":true,"record_events":false,"start_in_roi":true,"memory_backend":"dsagen_dma","instructions_issued":1136,"instructions_completed":1136,"max_active_tags":4,"route_hops":28,"skip_hops":0,"unit_hops":28,"link_stalls":0,"max_pipeline_issues_in_cycle":4,"boundary_events_emitted":32,"event_unblocked_issues_before_tag_complete":20,"external_memory_requests":68,"external_memory_completions":68,"external_memory_wait_cycles":6378,"issued_by_pipeline":{"load":64,"store":4,"compute":1040,"xfer":28},"busy_cycles_by_pipeline":{"load":1591,"store":43,"compute":1065,"xfer":45},"stalls_by_reason":{"event_dependency":46340,"pipeline_contention":60,"register_pending":380,"register_waw":5894,"rf_read_bank":8}}
MLX_DMA_ADAPTER_SUMMARY {"requests":68,"responses":68,"read_requests":64,"write_requests":4,"read_responses":64,"write_responses":4,"failed_responses":0,"unavailable_checks":0,"queue_backpressure_checks":0,"max_outstanding":4,"max_response_ticks":123000,"max_response_cycles":123,"read_byte_sum":32,"outstanding":0}
[mlx-dma] initialization finished
MLX_DMA_GUEST_SYMBOLS {"cold":2633728,"write":2629632,"initial_checksum":84480,"evict_checksum":0}
[mlx-dma] cpu pass finished, 15642 cycles passed!
[mlx-dma] warm i-cache finished, 797 cycles passed!
MLX_DMA_GUEST_SUMMARY {"store_checksum":79200,"wait_checksum":0}
[mlx-dma] accelerator finished ...
[mlx-dma] sanity check passed successfully!
gem5 Simulator System.  http://gem5.org
gem5 is copyrighted software; use the --copyright option for details.

gem5 version 20.0.0.2
gem5 compiled Aug 17 2026 16:12:35
gem5 started Aug 17 2026 17:02:55
gem5 executing on ubuntu, pid 1207961
command line: /workspace/MLX_dev/third_party/dsa-framework/dsa-gem5/build/RISCV/gem5.opt -d /workspace/MLX_dev/artifacts/environment/h50/runs/swa_w256_q64--BERT_512/m5out /workspace/MLX_dev/third_party/dsa-framework/dsa-gem5/configs/example/se.py --cpu-type=MinorCPU --l1d_size=32kB --l1d_assoc=8 --l1i_size=16kB --caches --l2_size=512kB --l2cache --num-cpus=1 --cpu-clock=1GHz --sys-clock=1GHz --mem-type=DDR4_2400_16x4 --cmd=/workspace/MLX_dev/third_party/dsa-framework/dsa-apps/sdk/compiled/ss-mlx-dma.out

info: Standard input is not a terminal, disabling listeners.
**** REAL SIMULATION ****
Exiting @ tick 3561430000 because exiting with last active thread context
warn: CheckedInt already exists in allParams. This may be caused by the Python 2.7 compatibility layer.
warn: Enum already exists in allParams. This may be caused by the Python 2.7 compatibility layer.
warn: ScopedEnum already exists in allParams. This may be caused by the Python 2.7 compatibility layer.
warn: No dot file generated. Please install pydot to generate the dot file and pdf.
