Global frequency set at 1000000000000 ticks per second
warn: DRAM device capacity (32768 Mbytes) does not match the address range assigned (512 Mbytes)
warn: Sockets disabled, not accepting gdb connections
info: Entering event queue @ 0.  Starting simulation...
warn: PowerState: Already in the requested power state, request ignored
warn: ignoring syscall set_robust_list(...)
      (further warnings will be suppressed)
info: Increasing stack size by one page.
warn: ignoring syscall mprotect(...)
warn: fstatat64: first argument not AT_FDCWD; unlikely to work
MLX_OVERLAY_CLOCK started_at_tick=89991000
MLX_OVERLAY_SUMMARY {"scenario":"gem5","cycles":272,"physical_pe_count":16,"mapped_pe_count":16,"done":true,"record_events":false,"start_in_roi":false,"pe_dependency_model":"paper_static","memory_backend":"adapter","instructions_issued":2304,"instructions_completed":2304,"max_active_tags":3,"route_hops":256,"skip_hops":128,"unit_hops":128,"link_stalls":0,"max_pipeline_issues_in_cycle":35,"boundary_events_emitted":384,"event_unblocked_issues_before_tag_complete":254,"external_memory_requests":192,"external_memory_completions":192,"external_memory_wait_cycles":545,"issued_by_pipeline":{"load":768,"store":64,"compute":1152,"xfer":320},"busy_cycles_by_pipeline":{"load":221,"store":72,"compute":246,"xfer":167},"resident_pe_cycles_by_pipeline":{"load":1108,"store":251,"compute":2041,"xfer":562},"productive_pe_cycles_by_pipeline":{"load":768,"store":64,"compute":2041,"xfer":562},"productive_global_cycles_by_pipeline":{"load":219,"store":61,"compute":246,"xfer":167},"issue_cycles_by_pipeline":{"load":219,"store":61,"compute":238,"xfer":156},"stalls_by_reason":{"event_dependency":2153,"memory_queue_full":781,"pipeline_contention":477}}
MLX_SPAD_ADAPTER_SUMMARY {"requests":192,"responses":192,"unavailable_checks":781,"max_response_ticks":5000,"max_response_cycles":5,"bank_backpressure_cycles":0}

*** ROI STATISTICS for CORE ID: 0 ***
Simulator Time: 0.01477 seconds
Cycles: 569
Number of coalesced SPU requests: 0
Control Core Insts Issued: 44
Control Core Discarded Insts Issued: 20
Control Core Intrinsics/Instruction Issued: 12/13
Control Core Discarded Inst Stalls: 0.4545
Control Core Config Stalls: 0.0001337
Control Core Wait Stalls:   0.002064 (GLOBAL_WAITSCR_RDSCR_WRSTREAM_WAIT)  
Undispatched Streams:

ACCEL 0 STATS ***
Commands Issued: 0
CGRA Instances: 256 -- Activity Ratio: 0.001369, DFGs / Cycle: 0.001369
For backcgra, Average thoughput of all ports (overall): 0.001369, CGRA outputs/cgra busy cycles: 1
CGRA Insts / Computation Instance: 4
CGRA Insts / Cycle: 1024 / 569 = 1.8 (overall activity factor)
Mapped DFG utilization: 0.001369
Data availability ratio: 0
input port imbalance (%age dgra nodes could not fire): 0
Percentage bank conflicts: -nan
L1 cache hit rate: 0
Avg wait cycles on a byte read: 29.66
Percentage cycles spent due to conflict in atomic scr: -nan
Cycle Breakdown:
CONFIGURE:	4.569%(26)
MEMORY_BW:	4.569%(26)
CONST_BW:	0%(0)
SPAD_BW:	0%(0)
REC_WAIT:	0%(0)
COMPUTING:	44.99%(256)
HOST_WAIT:	0%(0)
SCR_BARRIER:	0%(0)
CMD_QUEUE:	0%(0)
BACKPRESSURE:	0%(0)
DRAIN_PIPE:	19.16%(109)
HOST:	26.71%(152)
Bandwidth Table: (B/c=Bytes/cycle, B/r=Bytes/request) -- Breakdown (sources/destinatinos): 
Read SPAD:	0 B (0 B/c, -nan B/r) 0
R/Request SPAD:	0 B (0 B/c)
Write SPAD:	0 B (0 B/c, -nan B/r) 0
W/Request SPAD:	0 B (0 B/c)
Read DMA:	16384 B (28.79 B/c, 64 B/r) 256
R/Request DMA:	16384 B (28.79 B/c)
Avg DMA Latency: 3.797 cycles , 3.797, 3.797, 3.797, 1.421
Write DMA:	8192 B (14.4 B/c, 61.59 B/r) 133
W/Request DMA:	8512 B (14.96 B/c)
Bubbles Caused by TLB Transfer: 0
Recur Bus:	0 B (0 B/c, -nan B/r) 0

Cores used: 1bitmask: 1
Total atomic updates: 0
Total Memory Activity: 0

 -- Parallelization Estimates --
Multi-Pipeline Cycles (cores:cycles): 1:187022 2:93511 3:62340 4:46755 5:37404 6:31170 7:26717 8:23377 9:20780 10:18702 11:17002 12:15585 13:14386 14:13358 15:12468 16:11688 17:11001 18:10390 
Multi-Pipeline Activity: (cores:cycles)1:0.001369 2:0.001369 3:0.001369 4:0.001369 5:0.001369 6:0.001369 7:0.001369 8:0.001369 9:0.001369 10:0.001369 11:0.001369 12:0.001369 13:0.001369 14:0.001369 15:0.001369 16:0.001369 17:0.001369 18:0.001369 

[single-core] initialization finished
[single-core] cpu pass finished, 12558 cycles passed! 
[single-core] warm i-cache finished, 585 cycles passed! 
[single-core] accelerator finished ...
[single-core] sanity check passed successfully! 
gem5 Simulator System.  http://gem5.org
gem5 is copyrighted software; use the --copyright option for details.

gem5 version 20.0.0.2
gem5 compiled Aug 17 2026 19:09:32
gem5 started Aug 17 2026 19:13:22
gem5 executing on ubuntu, pid 1342512
command line: /workspace/MLX_dev/third_party/dsa-framework/dsa-gem5/build/RISCV/gem5.opt -d /workspace/MLX_dev/artifacts/environment/h62/runs/gem5/fft-64/m5out /workspace/MLX_dev/third_party/dsa-framework/dsa-gem5/configs/example/se.py --cpu-type=MinorCPU --l1d_size=32kB --l1d_assoc=8 --l1i_size=16kB --caches --l2_size=512kB --l2cache --num-cpus=1 --cpu-clock=1GHz --sys-clock=1GHz --mem-type=DDR4_2400_16x4 --cmd=/workspace/MLX_dev/third_party/dsa-framework/dsa-apps/sdk/compiled/ss-vecadd-gnu.out

info: Standard input is not a terminal, disabling listeners.
**** REAL SIMULATION ****
Exiting @ tick 115136000 because exiting with last active thread context
warn: CheckedInt already exists in allParams. This may be caused by the Python 2.7 compatibility layer.
warn: Enum already exists in allParams. This may be caused by the Python 2.7 compatibility layer.
warn: ScopedEnum already exists in allParams. This may be caused by the Python 2.7 compatibility layer.
warn: No dot file generated. Please install pydot to generate the dot file and pdf.
