make[1]: Entering directory '/workspace/MLX_dev/third_party/dsa-framework/ss-tools/build/riscv-dsa-binutils/intl'
make[1]: Nothing to be done for 'all'.
make[1]: Leaving directory '/workspace/MLX_dev/third_party/dsa-framework/ss-tools/build/riscv-dsa-binutils/intl'
make[1]: Entering directory '/workspace/MLX_dev/third_party/dsa-framework/ss-tools/build/riscv-dsa-binutils/libiberty'
make[1]: Entering directory '/workspace/MLX_dev/third_party/dsa-framework/ss-tools/build/riscv-dsa-binutils/zlib'
true "AR_FLAGS=rc" "CC_FOR_BUILD=gcc" "CFLAGS=-g -O2" "CXXFLAGS=-g -O2" "CFLAGS_FOR_BUILD=-g -O2" "CFLAGS_FOR_TARGET=-g -O2" "INSTALL=/usr/bin/install -c" "INSTALL_DATA=/usr/bin/install -c -m 644" "INSTALL_PROGRAM=/usr/bin/install -c" "INSTALL_SCRIPT=/usr/bin/install -c" "LDFLAGS=-static-libstdc++ -static-libgcc " "LIBCFLAGS=-g -O2" "LIBCFLAGS_FOR_TARGET=-g -O2" "MAKE=make" "MAKEINFO=/workspace/MLX_dev/third_party/dsa-framework/chipyard/toolchains/riscv-tools/riscv-gnu-toolchain/riscv-binutils/missing makeinfo --split-size=5000000 " "PICFLAG=" "PICFLAG_FOR_TARGET=" "SHELL=/bin/bash" "EXPECT=expect" "RUNTEST=runtest" "RUNTESTFLAGS=" "exec_prefix=/workspace/MLX_dev/third_party/dsa-framework/ss-tools/riscv-dsa-binutils" "infodir=/workspace/MLX_dev/third_party/dsa-framework/ss-tools/riscv-dsa-binutils/share/info" "libdir=/workspace/MLX_dev/third_party/dsa-framework/ss-tools/riscv-dsa-binutils/lib" "prefix=/workspace/MLX_dev/third_party/dsa-framework/ss-tools/riscv-dsa-binutils" "tooldir=/workspace/MLX_dev/third_party/dsa-framework/ss-tools/riscv-dsa-binutils/riscv64-unknown-linux-gnu" "AR=ar" "AS=as" "CC=gcc" "CXX=g++" "LD=ld" "LIBCFLAGS=-g -O2" "NM=nm" "PICFLAG=" "RANLIB=ranlib" "DESTDIR=" DO=all multi-do # make
make[1]: Leaving directory '/workspace/MLX_dev/third_party/dsa-framework/ss-tools/build/riscv-dsa-binutils/zlib'
make[2]: Entering directory '/workspace/MLX_dev/third_party/dsa-framework/ss-tools/build/riscv-dsa-binutils/libiberty/testsuite'
make[2]: Nothing to be done for 'all'.
make[2]: Leaving directory '/workspace/MLX_dev/third_party/dsa-framework/ss-tools/build/riscv-dsa-binutils/libiberty/testsuite'
make[1]: Leaving directory '/workspace/MLX_dev/third_party/dsa-framework/ss-tools/build/riscv-dsa-binutils/libiberty'
make[1]: Entering directory '/workspace/MLX_dev/third_party/dsa-framework/ss-tools/build/riscv-dsa-binutils/bfd'
Making info in doc
make[2]: Entering directory '/workspace/MLX_dev/third_party/dsa-framework/ss-tools/build/riscv-dsa-binutils/bfd/doc'
restore=: && backupdir=".am$$" && \
rm -rf $backupdir && mkdir $backupdir && \
if (/workspace/MLX_dev/third_party/dsa-framework/chipyard/toolchains/riscv-tools/riscv-gnu-toolchain/riscv-binutils/missing makeinfo --split-size=5000000 --version) >/dev/null 2>&1; then \
  for f in bfd.info bfd.info-[0-9] bfd.info-[0-9][0-9] bfd.i[0-9] bfd.i[0-9][0-9]; do \
    if test -f $f; then mv $f $backupdir; restore=mv; else :; fi; \
  done; \
else :; fi && \
if /workspace/MLX_dev/third_party/dsa-framework/chipyard/toolchains/riscv-tools/riscv-gnu-toolchain/riscv-binutils/missing makeinfo --split-size=5000000   -I /workspace/MLX_dev/third_party/dsa-framework/chipyard/toolchains/riscv-tools/riscv-gnu-toolchain/riscv-binutils/bfd/doc \
 -o bfd.info `test -f 'bfd.texi' || echo '/workspace/MLX_dev/third_party/dsa-framework/chipyard/toolchains/riscv-tools/riscv-gnu-toolchain/riscv-binutils/bfd/doc/'`bfd.texi; \
then \
  rc=0; \
else \
  rc=$?; \
  $restore $backupdir/* `echo "./bfd.info" | sed 's|[^/]*$||'`; \
fi; \
rm -rf $backupdir; exit $rc
/workspace/MLX_dev/third_party/dsa-framework/chipyard/toolchains/riscv-tools/riscv-gnu-toolchain/riscv-binutils/missing: 81: makeinfo: not found
WARNING: 'makeinfo' is missing on your system.
         You should only need it if you modified a '.texi' file, or
         any other file indirectly affecting the aspect of the manual.
         You might want to install the Texinfo package:
         <http://www.gnu.org/software/texinfo/>
         The spurious makeinfo call might also be the consequence of
         using a buggy 'make' (AIX, DU, IRIX), in which case you might
         want to install GNU make:
         <http://www.gnu.org/software/make/>
make[2]: *** [Makefile:541: bfd.info] Error 127
make[2]: Leaving directory '/workspace/MLX_dev/third_party/dsa-framework/ss-tools/build/riscv-dsa-binutils/bfd/doc'
make[1]: *** [Makefile:1641: info-recursive] Error 1
make[1]: Leaving directory '/workspace/MLX_dev/third_party/dsa-framework/ss-tools/build/riscv-dsa-binutils/bfd'
make: *** [Makefile:2692: all-bfd] Error 2
