scons: Reading SConscript files ...
Warning: Your compiler doesn't support incremental linking and lto at the same
         time, so lto is being disabled. To force lto on anyway, use the
         --force-lto option. That will disable partial linking.
Info: Using Python config: python3-config
Checking for C header file Python.h... (cached) yes
Checking for C library python3.8... (cached) yes
Checking for C library crypt... (cached) yes
Checking for C library pthread... (cached) yes
Checking for C library dl... (cached) yes
Checking for C library util... (cached) yes
Checking for C library m... (cached) yes
Checking for accept(0,0,0) in C++ library None... (cached) yes
Checking for zlibVersion() in C++ library z... (cached) yes
Checking for GOOGLE_PROTOBUF_VERIFY_VERSION in C++ library protobuf... (cached) yes
Checking for C header file valgrind/valgrind.h... (cached) no
Checking for clock_nanosleep(0,0,NULL,NULL) in C library None... (cached) yes
Checking for timer_create(CLOCK_MONOTONIC, NULL, NULL) in C library None... (cached) yes
Checking for C library tcmalloc... (cached) yes
Checking for char temp; backtrace_symbols_fd((void*)&temp, 0, 0) in C library None... (cached) no
Checking for char temp; backtrace_symbols_fd((void*)&temp, 0, 0) in C library execinfo... (cached) no
Warning: No suitable back trace implementation found.
Checking for C header file fenv.h... (cached) yes
Checking for C header file png.h... (cached) yes
Checking for C header file linux/kvm.h... (cached) yes
Checking for C header file linux/if_tun.h... (cached) yes
Checking size of struct kvm_xsave ... (cached) yes
Checking for member exclude_host in struct perf_event_attr...(cached) yes
Checking for hdf5-serial using pkg-config... yes
Checking for H5Fcreate("", 0, 0, 0) in C library hdf5... (cached) yes
Checking for H5::H5File("", 0) in C++ library hdf5_cpp... (cached) yes
Checking whether __i386__ is declared... (cached) no
Checking whether __x86_64__ is declared... (cached) yes
Building in /workspace/MLX_dev/third_party/dsa-framework/dsa-gem5/build/RISCV
Using saved variables file /workspace/MLX_dev/third_party/dsa-framework/dsa-gem5/build/variables/RISCV
warn: CheckedInt already exists in allParams. This may be caused by the Python 2.7 compatibility layer.
warn: Enum already exists in allParams. This may be caused by the Python 2.7 compatibility layer.
warn: ScopedEnum already exists in allParams. This may be caused by the Python 2.7 compatibility layer.
scons: done reading SConscript files.
scons: Building targets ...
 [     CXX] RISCV/sim/main.cc -> .o
 [     CXX] RISCV/systemc/dt/int/messages.cc -> .o
 [     CXX] RISCV/systemc/dt/int/sc_int_base.cc -> .o
 [     CXX] RISCV/systemc/dt/int/sc_int_mask.cc -> .o
 [     CXX] RISCV/systemc/dt/int/sc_length_param.cc -> .o
 [     CXX] RISCV/systemc/dt/int/sc_nbexterns.cc -> .o
 [     CXX] RISCV/systemc/dt/int/sc_nbutils.cc -> .o
 [     CXX] RISCV/systemc/dt/int/sc_signed.cc -> .o
 [     CXX] RISCV/systemc/dt/int/sc_uint_base.cc -> .o
 [     CXX] RISCV/systemc/dt/int/sc_unsigned.cc -> .o
 [ TRACING]  -> RISCV/debug/Decode.hh
 [GENERATE] riscv -> RISCV/arch/types.hh
 [ CFG ISA]  -> RISCV/config/the_isa.hh
 [GENERATE] riscv -> RISCV/arch/registers.hh
 [ENUMDECL] StaticInstFlags -> RISCV/enums/StaticInstFlags.hh
 [ENUMDECL] OpClass -> RISCV/enums/OpClass.hh
 [GENERATE] riscv -> RISCV/arch/isa_traits.hh
 [ TRACING]  -> RISCV/debug/Fault.hh
 [ISA DESC] RISCV/arch/riscv/isa/main.isa -> generated/decoder-g.cc.inc, generated/decoder-ns.cc.inc, generated/decode-method.cc.inc, generated/decoder.hh, generated/decoder-g.hh.inc, generated/decoder-ns.hh.inc, generated/exec-g.cc.inc, generated/exec-ns.cc.inc, generated/max_inst_regs.hh, generated/decoder.cc, generated/inst-constrs.cc, generated/generic_cpu_exec.cc
 [SO PARAM] RiscvFsWorkload -> RISCV/params/RiscvFsWorkload.hh
 [ TRACING]  -> RISCV/debug/Mwait.hh
 [SO PARAM] BaseInterrupts -> RISCV/params/BaseInterrupts.hh
 [GENERATE] riscv -> RISCV/arch/microcode_rom.hh
 [SO PARAM] ThermalDomain -> RISCV/params/ThermalDomain.hh
 [ TRACING]  -> RISCV/debug/Checkpoint.hh
 [ TRACING]  -> RISCV/debug/RiscvMisc.hh
 [SO PARAM] RiscvISA -> RISCV/params/RiscvISA.hh
 [ TRACING]  -> RISCV/debug/Interrupt.hh
 [SO PARAM] RiscvInterrupts -> RISCV/params/RiscvInterrupts.hh
 [     CXX] RISCV/arch/riscv/faults.cc -> .o
 [     CXX] RISCV/arch/riscv/decoder.cc -> .o
 [GENERATE] riscv -> RISCV/arch/pseudo_inst.hh
 [GENERATE] riscv -> RISCV/arch/utility.hh
 [ TRACING]  -> RISCV/debug/PseudoInst.hh
 [     CXX] RISCV/arch/riscv/interrupts.cc -> .o
 [ TRACING]  -> RISCV/debug/LLSC.hh
 [ TRACING]  -> RISCV/debug/Stack.hh
 [     CXX] RISCV/arch/riscv/locked_mem.cc -> .o
 [SO PARAM] BaseISA -> RISCV/params/BaseISA.hh
 [SO PARAM] Process -> RISCV/params/Process.hh
 [ TRACING]  -> RISCV/debug/Vma.hh
 [     CXX] RISCV/arch/riscv/pagetable.cc -> .o
 [ TRACING]  -> RISCV/debug/PageTableWalker.hh
 [SO PARAM] EmulatedDriver -> RISCV/params/EmulatedDriver.hh
 [     CXX] RISCV/arch/riscv/isa.cc -> .o
 [SO PARAM] RiscvPagetableWalker -> RISCV/params/RiscvPagetableWalker.hh
 [SO PARAM] RiscvTLB -> RISCV/params/RiscvTLB.hh
 [SO PARAM] BaseTLB -> RISCV/params/BaseTLB.hh
 [     CXX] RISCV/arch/riscv/process.cc -> .o
 [ TRACING]  -> RISCV/debug/GDBAcc.hh
 [GENERATE] riscv -> RISCV/arch/stacktrace.hh
 [     CXX] RISCV/arch/riscv/pagetable_walker.cc -> .o
 [     CXX] RISCV/arch/riscv/remote_gdb.cc -> .o
 [     CXX] RISCV/arch/riscv/stacktrace.cc -> .o
 [ TRACING]  -> RISCV/debug/TLB.hh
 [ TRACING]  -> RISCV/debug/TLBVerbose.hh
 [     CXX] RISCV/arch/riscv/tlb.cc -> .o
 [ TRACING]  -> RISCV/debug/SyscallVerbose.hh
 [ TRACING]  -> RISCV/debug/SyscallBase.hh
 [     CXX] RISCV/arch/riscv/linux/process.cc -> .o
 [     CXX] RISCV/arch/riscv/linux/linux.cc -> .o
 [SO PARAM] RiscvBareMetal -> RISCV/params/RiscvBareMetal.hh
 [     CXX] RISCV/arch/riscv/bare_metal/fs_workload.cc -> .o
In file included from build/RISCV/systemc/ext/dt/bit/../int/../fx/sc_fxdefs.hh:52,
                 from build/RISCV/systemc/ext/dt/bit/../int/sc_length_param.hh:63,
                 from build/RISCV/systemc/ext/dt/bit/sc_bv_base.hh:56,
                 from build/RISCV/systemc/dt/int/sc_unsigned.cc:83:
In function 'void sc_dt::vec_zero(int, int, sc_dt::sc_digit*)',
    inlined from 'void sc_dt::vec_copy_and_zero(int, sc_dt::sc_digit*, int, const sc_digit*)' at build/RISCV/systemc/ext/dt/bit/../int/../fx/../int/sc_nbutils.hh:407:13,
    inlined from 'sc_dt::sc_unsigned::sc_unsigned(sc_dt::small_type, int, int, sc_dt::sc_digit*, bool)' at build/RISCV/systemc/dt/int/sc_nbcommon.inc:2285:26:
build/RISCV/systemc/ext/dt/bit/../int/../fx/../int/sc_nbutils.hh:379:14: error: 'void* __builtin_memset(void*, int, long unsigned int)' offset [12, 15] is out of the bounds [0, 12] [-Werror=array-bounds]
  379 |         u[i] = 0;
      |         ~~~~~^~~
 [     CXX] RISCV/arch/riscv/generated/decoder.cc -> .o
In file included from build/RISCV/systemc/ext/dt/bit/../int/../fx/sc_fxdefs.hh:52,
                 from build/RISCV/systemc/ext/dt/bit/../int/sc_length_param.hh:63,
                 from build/RISCV/systemc/ext/dt/bit/sc_bv_base.hh:56,
                 from build/RISCV/systemc/dt/int/sc_signed.cc:81:
In function 'void sc_dt::vec_zero(int, int, sc_dt::sc_digit*)',
    inlined from 'void sc_dt::vec_copy_and_zero(int, sc_dt::sc_digit*, int, const sc_digit*)' at build/RISCV/systemc/ext/dt/bit/../int/../fx/../int/sc_nbutils.hh:407:13,
    inlined from 'sc_dt::sc_signed::sc_signed(sc_dt::small_type, int, int, sc_dt::sc_digit*, bool)' at build/RISCV/systemc/dt/int/sc_nbcommon.inc:2285:26:
build/RISCV/systemc/ext/dt/bit/../int/../fx/../int/sc_nbutils.hh:379:14: error: 'void* __builtin_memset(void*, int, long unsigned int)' offset [12, 15] is out of the bounds [0, 12] [-Werror=array-bounds]
  379 |         u[i] = 0;
      |         ~~~~~^~~
 [     CXX] RISCV/arch/riscv/generated/inst-constrs.cc -> .o
 [ TRACING]  -> RISCV/debug/ExecEnable.hh
 [SO PARAM] ExeTracer -> RISCV/params/ExeTracer.hh
 [SO PARAM] InstTracer -> RISCV/params/InstTracer.hh
 [     CXX] RISCV/arch/riscv/generated/generic_cpu_exec.cc -> .o
 [GENERATE] riscv -> RISCV/arch/locked_mem.hh
 [ TRACING]  -> RISCV/debug/Drain.hh
 [ TRACING]  -> RISCV/debug/ExecFaulting.hh
 [ TRACING]  -> RISCV/debug/SimpleCPU.hh
 [SO PARAM] AtomicSimpleCPU -> RISCV/params/AtomicSimpleCPU.hh
 [ TRACING]  -> RISCV/debug/Checker.hh
 [SO PARAM] CheckerCPU -> RISCV/params/CheckerCPU.hh
 [GENERATE] riscv -> RISCV/arch/decoder.hh
 [GENERATE] riscv -> RISCV/arch/isa.hh
 [ TRACING]  -> RISCV/debug/CCRegs.hh
 [ TRACING]  -> RISCV/debug/FloatRegs.hh
 [ TRACING]  -> RISCV/debug/IntRegs.hh
 [ TRACING]  -> RISCV/debug/SS.hh
 [ TRACING]  -> RISCV/debug/VecPredRegs.hh
 [ TRACING]  -> RISCV/debug/VecRegs.hh
 [SO PARAM] BaseSimpleCPU -> RISCV/params/BaseSimpleCPU.hh
 [SO PARAM] BaseCPU -> RISCV/params/BaseCPU.hh
 [SO PARAM] BranchPredictor -> RISCV/params/BranchPredictor.hh
 [SO PARAM] IndirectPredictor -> RISCV/params/IndirectPredictor.hh
 [     CXX] RISCV/cpu/simple/atomic.cc -> .o
 [SO PARAM] NonCachingSimpleCPU -> RISCV/params/NonCachingSimpleCPU.hh
 [     CXX] RISCV/cpu/simple/noncaching.cc -> .o
 [ TRACING]  -> RISCV/debug/Config.hh
 [SO PARAM] TimingSimpleCPU -> RISCV/params/TimingSimpleCPU.hh
 [     CXX] RISCV/cpu/simple/timing.cc -> .o
cc1plus: all warnings being treated as errors
 [ TRACING]  -> RISCV/debug/Fetch.hh
 [ TRACING]  -> RISCV/debug/Quiesce.hh
 [CONFIG H] CP_ANNOTATE, 0 -> RISCV/config/cp_annotate.hh
 [ TRACING]  -> RISCV/debug/AnnotateQ.hh
 [     CXX] RISCV/cpu/simple/base.cc -> .o
scons: *** [build/RISCV/systemc/dt/int/sc_unsigned.o] Error 1
cc1plus: all warnings being treated as errors
scons: *** [build/RISCV/systemc/dt/int/sc_signed.o] Error 1
In file included from /usr/include/c++/11/cassert:44,
                 from build/RISCV/base/logging.hh:44,
                 from build/RISCV/base/intmath.hh:36,
                 from build/RISCV/base/statistics.hh:81,
                 from build/RISCV/cpu/simple/base.hh:45,
                 from build/RISCV/cpu/simple/base.cc:42:
build/RISCV/base/statistics.hh: In instantiation of 'Stats::VectorBase<Derived, Stor>::Proxy Stats::VectorBase<Derived, Stor>::operator[](Stats::off_type) [with Derived = Stats::Vector; Stor = Stats::StatStor; Stats::VectorBase<Derived, Stor>::Proxy = Stats::ScalarProxy<Stats::Vector>; Stats::off_type = unsigned int]':
build/RISCV/cpu/simple/base.cc:634:57:   required from here
build/RISCV/base/statistics.hh:1164:23: error: comparison of unsigned expression in '>= 0' is always true [-Werror=type-limits]
 1164 |         assert (index >= 0 && index < size());
      |                 ~~~~~~^~~~
In file included from /usr/include/string.h:535,
                 from /usr/include/c++/11/cstring:42,
                 from build/RISCV/base/cprintf_formats.hh:32,
                 from build/RISCV/base/cprintf.hh:38,
                 from build/RISCV/base/trace.hh:37,
                 from build/RISCV/arch/generic/types.hh:35,
                 from build/RISCV/arch/riscv/registers.hh:54,
                 from build/RISCV/arch/riscv/utility.hh:52,
                 from build/RISCV/arch/riscv/linux/linux.hh:32,
                 from build/RISCV/arch/riscv/linux/process.hh:35,
                 from build/RISCV/arch/riscv/linux/process.cc:31:
In function 'void* memcpy(void*, const void*, size_t)',
    inlined from 'void copyOutStatfsBuf(PortProxy&, Addr, hst_statfs*) [with OS = RiscvLinux32]' at build/RISCV/sim/syscall_emul.hh:677:11:
/usr/include/x86_64-linux-gnu/bits/string_fortified.h:29:33: error: 'void* __builtin_memcpy(void*, const void*, long unsigned int)' forming offset [64, 79] is out of the bounds [0, 64] [-Werror=array-bounds]
   29 |   return __builtin___memcpy_chk (__dest, __src, __len,
      |          ~~~~~~~~~~~~~~~~~~~~~~~^~~~~~~~~~~~~~~~~~~~~~
   30 |                                  __glibc_objsize0 (__dest));
      |                                  ~~~~~~~~~~~~~~~~~~~~~~~~~~
cc1plus: all warnings being treated as errors
scons: *** [build/RISCV/cpu/simple/base.o] Error 1
cc1plus: all warnings being treated as errors
scons: *** [build/RISCV/arch/riscv/linux/process.o] Error 1
scons: building terminated because of errors.
*** Summary of Warnings ***
Warning: Your compiler doesn't support incremental linking and lto at the same
         time, so lto is being disabled. To force lto on anyway, use the
         --force-lto option. That will disable partial linking.
Warning: No suitable back trace implementation found.
