Global frequency set at 1000000000000 ticks per second
warn: DRAM device capacity (32768 Mbytes) does not match the address range assigned (512 Mbytes)
warn: Sockets disabled, not accepting gdb connections
info: Entering event queue @ 0.  Starting simulation...
warn: PowerState: Already in the requested power state, request ignored
warn: ignoring syscall set_robust_list(...)
      (further warnings will be suppressed)
info: Increasing stack size by one page.
warn: ignoring syscall mprotect(...)
warn: fstatat64: first argument not AT_FDCWD; unlikely to work

*** ROI STATISTICS for CORE ID: 0 ***
Simulator Time: 0.000669 seconds
Cycles: 166
Number of coalesced SPU requests: 0
Control Core Insts Issued: 40
Control Core Discarded Insts Issued: 16
Control Core Intrinsics/Instruction Issued: 10/13
Control Core Discarded Inst Stalls: 0.4
Control Core Config Stalls: -nan
Control Core Wait Stalls:   
Undispatched Streams:
[0x5a0a341f6e40]DMA->PORT	start:0 stride1d:0 word:1 cnt:0/0 [end] port=1, repeat=0/16(1), pad: 5
[0x5a0a341f6f00]DMA->PORT	start:0 stride1d:0 word:1 cnt:0/0 [end] port=0, repeat=0/16(1), pad: 5
[0x5a0a341f6fc0]PORT->DMA	start:0 stride1d:0 word:1 cnt:0/0 [end] out_port=0 garbage
[0x5a0a341f7080]DMA->PORT	start:0 stride1d:0 word:1 cnt:0/0 [end] port=1, repeat=0/16(1), pad: 5
[0x5a0a341f7140]DMA->PORT	start:0 stride1d:0 word:1 cnt:0/0 [end] port=0, repeat=0/16(1), pad: 5
[0x5a0a341f7200]PORT->DMA	start:0 stride1d:0 word:1 cnt:0/0 [end] out_port=0 garbage

ACCEL 0 STATS ***
Commands Issued: 0
CGRA Instances: 0 -- Activity Ratio: -nan, DFGs / Cycle: -nan
CGRA Insts / Computation Instance: -nan
CGRA Insts / Cycle: 0 / 166 = 0 (overall activity factor)
Mapped DFG utilization: -nan
Data availability ratio: -nan
input port imbalance (%age dgra nodes could not fire): -nan
Percentage bank conflicts: -nan
L1 cache hit rate: -nan
Avg wait cycles on a byte read: -nan
Percentage cycles spent due to conflict in atomic scr: -nan
Cycle Breakdown:
CONFIGURE:	0%(0)
MEMORY_BW:	0%(0)
CONST_BW:	0%(0)
SPAD_BW:	0%(0)
REC_WAIT:	0%(0)
COMPUTING:	0%(0)
HOST_WAIT:	0%(0)
SCR_BARRIER:	0%(0)
CMD_QUEUE:	0%(0)
BACKPRESSURE:	0%(0)
DRAIN_PIPE:	0%(0)
HOST:	0%(0)
Bandwidth Table: (B/c=Bytes/cycle, B/r=Bytes/request) -- Breakdown (sources/destinatinos): 
Read SPAD:	0 B (0 B/c, -nan B/r) 0
R/Request SPAD:	0 B (0 B/c)
Write SPAD:	0 B (0 B/c, -nan B/r) 0
W/Request SPAD:	0 B (0 B/c)
Read DMA:	0 B (0 B/c, -nan B/r) 0
R/Request DMA:	0 B (0 B/c)
Avg DMA Latency: -nan cycles , -nan, -nan, -nan, -nan
Write DMA:	0 B (0 B/c, -nan B/r) 0
W/Request DMA:	0 B (0 B/c)
Bubbles Caused by TLB Transfer: 0
Recur Bus:	0 B (0 B/c, -nan B/r) 0

Cores used: 1bitmask: 1
Total atomic updates: 0
Total Memory Activity: -nan

 -- Parallelization Estimates --
Multi-Pipeline Cycles (cores:cycles): 1:0 2:0 3:0 4:0 5:0 6:0 7:0 8:0 9:0 10:0 11:0 12:0 13:0 14:0 15:0 16:0 17:0 18:0 
Multi-Pipeline Activity: (cores:cycles)1:-nan 2:-nan 3:-nan 4:-nan 5:-nan 6:-nan 7:-nan 8:-nan 9:-nan 10:-nan 11:-nan 12:-nan 13:-nan 14:-nan 15:-nan 16:-nan 17:-nan 18:-nan 

[single-core] initialization finished
[single-core] cpu pass finished, 14559 cycles passed! 
[single-core] warm i-cache finished, 172 cycles passed! 
[single-core] accelerator finished ...
Mismatch @ Iter 0: calculated:0 != expected:3
gem5 Simulator System.  http://gem5.org
gem5 is copyrighted software; use the --copyright option for details.

gem5 version 20.0.0.2
gem5 compiled Aug 17 2026 13:02:31
gem5 started Aug 17 2026 13:03:22
gem5 executing on ubuntu, pid 940333
command line: /workspace/MLX_dev/third_party/dsa-framework/dsa-gem5/build/RISCV/gem5.opt -d /workspace/MLX_dev/artifacts/environment/h40/dsagen-m5out-vecadd-attempt3 /workspace/MLX_dev/third_party/dsa-framework/dsa-gem5/configs/example/se.py --cpu-type=MinorCPU --l1d_size=32kB --l1d_assoc=8 --l1i_size=16kB --caches --l2_size=512kB --l2cache --num-cpus=1 --cpu-clock=1GHz --sys-clock=1GHz --mem-type=DDR4_2400_16x4 --cmd=./ss-vecadd.out

info: Standard input is not a terminal, disabling listeners.
**** REAL SIMULATION ****
Exiting @ tick 106330000 because exiting with last active thread context
Simulated exit code not 0! Exit code is 1
warn: CheckedInt already exists in allParams. This may be caused by the Python 2.7 compatibility layer.
warn: Enum already exists in allParams. This may be caused by the Python 2.7 compatibility layer.
warn: ScopedEnum already exists in allParams. This may be caused by the Python 2.7 compatibility layer.
warn: No dot file generated. Please install pydot to generate the dot file and pdf.
