scons: Reading SConscript files ...
Warning: Your compiler doesn't support incremental linking and lto at the same
         time, so lto is being disabled. To force lto on anyway, use the
         --force-lto option. That will disable partial linking.
Info: Using Python config: python3-config
Checking for C header file Python.h... (cached) yes
Checking for C library python3.8... (cached) yes
Checking for C library crypt... (cached) yes
Checking for C library pthread... (cached) yes
Checking for C library dl... (cached) yes
Checking for C library util... (cached) yes
Checking for C library m... (cached) yes
Checking for accept(0,0,0) in C++ library None... (cached) yes
Checking for zlibVersion() in C++ library z... (cached) yes
Checking for GOOGLE_PROTOBUF_VERIFY_VERSION in C++ library protobuf... (cached) yes
Checking for C header file valgrind/valgrind.h... (cached) no
Checking for clock_nanosleep(0,0,NULL,NULL) in C library None... (cached) yes
Checking for timer_create(CLOCK_MONOTONIC, NULL, NULL) in C library None... (cached) yes
Checking for C library tcmalloc... (cached) yes
Checking for char temp; backtrace_symbols_fd((void*)&temp, 0, 0) in C library None... (cached) no
Checking for char temp; backtrace_symbols_fd((void*)&temp, 0, 0) in C library execinfo... (cached) no
Warning: No suitable back trace implementation found.
Checking for C header file fenv.h... (cached) yes
Checking for C header file png.h... (cached) yes
Checking for C header file linux/kvm.h... (cached) yes
Checking for C header file linux/if_tun.h... (cached) yes
Checking size of struct kvm_xsave ... (cached) yes
Checking for member exclude_host in struct perf_event_attr...(cached) yes
Checking for hdf5-serial using pkg-config... yes
Checking for H5Fcreate("", 0, 0, 0) in C library hdf5... (cached) yes
Checking for H5::H5File("", 0) in C++ library hdf5_cpp... (cached) yes
Checking whether __i386__ is declared... (cached) no
Checking whether __x86_64__ is declared... (cached) yes
Building in /workspace/MLX_dev/third_party/dsa-framework/dsa-gem5/build/RISCV
Using saved variables file /workspace/MLX_dev/third_party/dsa-framework/dsa-gem5/build/variables/RISCV
warn: CheckedInt already exists in allParams. This may be caused by the Python 2.7 compatibility layer.
warn: Enum already exists in allParams. This may be caused by the Python 2.7 compatibility layer.
warn: ScopedEnum already exists in allParams. This may be caused by the Python 2.7 compatibility layer.
scons: done reading SConscript files.
scons: Building targets ...
 [     CXX] RISCV/systemc/tlm_core/2/quantum/global_quantum.cc -> .o
 [     CXX] RISCV/systemc/tlm_core/2/quantum/global_quantum_python.cc -> .o
 [     CXX] RISCV/mem/ruby/slicc_interface/AbstractController.cc -> .o
 [     CXX] RISCV/mem/ruby/slicc_interface/AbstractCacheEntry.cc -> .o
 [     CXX] RISCV/mem/ruby/slicc_interface/RubyRequest.cc -> .o
 [     CXX] RISCV/arch/riscv/insts/amo.cc -> .o
 [     CXX] RISCV/arch/riscv/insts/compressed.cc -> .o
 [     CXX] RISCV/arch/riscv/insts/mem.cc -> .o
 [     CXX] RISCV/arch/riscv/insts/standard.cc -> .o
 [     CXX] RISCV/arch/riscv/insts/static_inst.cc -> .o
 [ TRACING]  -> RISCV/debug/Ethernet.hh
 [ TRACING]  -> RISCV/debug/EthernetData.hh
 [ TRACING]  -> RISCV/debug/EthernetAll.hh
 [     CXX] RISCV/dev/net/etherdevice.cc -> .o
 [     CXX] RISCV/dev/net/etherdump.cc -> .o
 [     CXX] RISCV/dev/net/etherint.cc -> .o
 [     CXX] RISCV/dev/net/etherswitch.cc -> .o
 [     CXX] RISCV/dev/net/etherbus.cc -> .o
 [     CXX] RISCV/dev/net/etherlink.cc -> .o
 [     CXX] RISCV/dev/net/etherpkt.cc -> .o
 [     CXX] RISCV/dev/net/ethertap.cc -> .o
 [     CXX] RISCV/dev/net/pktfifo.cc -> .o
 [ TRACING]  -> RISCV/debug/DistEthernet.hh
 [ TRACING]  -> RISCV/debug/DistEthernetPkt.hh
 [     CXX] RISCV/dev/net/dist_iface.cc -> .o
 [     CXX] RISCV/dev/net/dist_etherlink.cc -> .o
 [ TRACING]  -> RISCV/debug/DistEthernetCmd.hh
 [     CXX] RISCV/dev/net/tcp_iface.cc -> .o
 [     CXX] RISCV/dev/net/i8254xGBe.cc -> .o
 [     CXX] RISCV/dev/net/ns_gige.cc -> .o
 [     CXX] RISCV/dev/net/sinic.cc -> .o
 [     CXX] RISCV/mem/ruby/protocol/DMA_Controller.cc -> .o
 [     CXX] RISCV/mem/ruby/protocol/DMA_Wakeup.cc -> .o
 [     CXX] RISCV/mem/ruby/protocol/Directory_Controller.cc -> .o
 [     CXX] RISCV/mem/ruby/protocol/Directory_Wakeup.cc -> .o
 [     CXX] RISCV/mem/ruby/protocol/L1Cache_Controller.cc -> .o
 [     CXX] RISCV/mem/ruby/protocol/L1Cache_Wakeup.cc -> .o
build/RISCV/dev/net/sinic.cc: In member function 'virtual Tick Sinic::Device::read(PacketPtr)':
build/RISCV/dev/net/sinic.cc:225:5: error: this 'if' clause does not guard... [-Werror=misleading-indentation]
  225 |     if (!info.read)
      |     ^~
In file included from build/RISCV/sim/serialize.hh:58,
                 from build/RISCV/dev/net/etherpkt.hh:41,
                 from build/RISCV/base/inet.hh:51,
                 from build/RISCV/dev/net/sinic.hh:32,
                 from build/RISCV/dev/net/sinic.cc:29:
build/RISCV/base/logging.hh:152:5: note: ...this statement, but the latter is misleadingly indented as if it were guarded by the 'if'
  152 |     do {                                                \
      |     ^~
build/RISCV/base/logging.hh:163:20: note: in expansion of macro 'exit_message'
  163 | #define panic(...) exit_message(::Logger::getPanic(), __VA_ARGS__)
      |                    ^~~~~~~~~~~~
build/RISCV/dev/net/sinic.cc:230:9: note: in expansion of macro 'panic'
  230 |         panic("read %s (invalid size): "
      |         ^~~~~
 [ TRACING]  -> RISCV/debug/MemTest.hh
 [     CXX] RISCV/cpu/testers/memtest/memtest.cc -> .o
In file included from /usr/include/c++/11/cassert:44,
                 from build/RISCV/base/intmath.hh:32,
                 from build/RISCV/base/statistics.hh:81,
                 from build/RISCV/sim/clock_domain.hh:49,
                 from build/RISCV/sim/clocked_object.hh:50,
                 from build/RISCV/mem/ruby/network/BasicRouter.hh:37,
                 from build/RISCV/mem/ruby/network/BasicLink.hh:36,
                 from build/RISCV/mem/ruby/network/Topology.hh:48,
                 from build/RISCV/mem/ruby/network/Network.hh:66,
                 from build/RISCV/mem/ruby/protocol/Directory_Controller.cc:22:
build/RISCV/base/statistics.hh: In instantiation of 'Stats::VectorBase<Derived, Stor>::Proxy Stats::VectorBase<Derived, Stor>::operator[](Stats::off_type) [with Derived = Stats::Vector; Stor = Stats::StatStor; Stats::VectorBase<Derived, Stor>::Proxy = Stats::ScalarProxy<Stats::Vector>; Stats::off_type = unsigned int]':
build/RISCV/mem/ruby/protocol/Directory_Controller.cc:235:33:   required from here
build/RISCV/base/statistics.hh:1164:23: warning: comparison of unsigned expression in '>= 0' is always true [-Wtype-limits]
 1164 |         assert (index >= 0 && index < size());
      |                 ~~~~~~^~~~
In file included from /usr/include/c++/11/cassert:44,
                 from build/RISCV/base/intmath.hh:32,
                 from build/RISCV/base/statistics.hh:81,
                 from build/RISCV/sim/clock_domain.hh:49,
                 from build/RISCV/sim/clocked_object.hh:50,
                 from build/RISCV/mem/ruby/network/BasicRouter.hh:37,
                 from build/RISCV/mem/ruby/network/BasicLink.hh:36,
                 from build/RISCV/mem/ruby/network/Topology.hh:48,
                 from build/RISCV/mem/ruby/network/Network.hh:66,
                 from build/RISCV/mem/ruby/protocol/DMA_Controller.cc:22:
build/RISCV/base/statistics.hh: In instantiation of 'Stats::VectorBase<Derived, Stor>::Proxy Stats::VectorBase<Derived, Stor>::operator[](Stats::off_type) [with Derived = Stats::Vector; Stor = Stats::StatStor; Stats::VectorBase<Derived, Stor>::Proxy = Stats::ScalarProxy<Stats::Vector>; Stats::off_type = unsigned int]':
build/RISCV/mem/ruby/protocol/DMA_Controller.cc:189:33:   required from here
build/RISCV/base/statistics.hh:1164:23: warning: comparison of unsigned expression in '>= 0' is always true [-Wtype-limits]
 1164 |         assert (index >= 0 && index < size());
      |                 ~~~~~~^~~~
 [     CXX] RISCV/mem/ruby/network/simple/PerfectSwitch.cc -> .o
 [    LINK]  -> RISCV/mem/ruby/slicc_interface/lib.o.partial
 [     CXX] RISCV/mem/ruby/network/simple/SimpleLink.cc -> .o
 [     CXX] RISCV/mem/ruby/network/simple/SimpleNetwork.cc -> .o
In file included from /usr/include/c++/11/cassert:44,
                 from build/RISCV/base/intmath.hh:32,
                 from build/RISCV/base/statistics.hh:81,
                 from build/RISCV/sim/clock_domain.hh:49,
                 from build/RISCV/sim/clocked_object.hh:50,
                 from build/RISCV/mem/ruby/network/BasicRouter.hh:37,
                 from build/RISCV/mem/ruby/network/BasicLink.hh:36,
                 from build/RISCV/mem/ruby/network/Topology.hh:48,
                 from build/RISCV/mem/ruby/network/Network.hh:66,
                 from build/RISCV/mem/ruby/protocol/L1Cache_Controller.cc:22:
build/RISCV/base/statistics.hh: In instantiation of 'Stats::VectorBase<Derived, Stor>::Proxy Stats::VectorBase<Derived, Stor>::operator[](Stats::off_type) [with Derived = Stats::Vector; Stor = Stats::StatStor; Stats::VectorBase<Derived, Stor>::Proxy = Stats::ScalarProxy<Stats::Vector>; Stats::off_type = unsigned int]':
build/RISCV/mem/ruby/protocol/L1Cache_Controller.cc:212:33:   required from here
build/RISCV/base/statistics.hh:1164:23: warning: comparison of unsigned expression in '>= 0' is always true [-Wtype-limits]
 1164 |         assert (index >= 0 && index < size());
      |                 ~~~~~~^~~~
 [     CXX] RISCV/mem/ruby/network/simple/Switch.cc -> .o
 [     CXX] RISCV/mem/ruby/network/simple/Throttle.cc -> .o
 [     CXX] RISCV/sim/power/power_model.cc -> .o
 [     CXX] RISCV/sim/power/mathexpr_powermodel.cc -> .o
In file included from /usr/include/c++/11/cassert:44,
                 from build/RISCV/base/intmath.hh:32,
                 from build/RISCV/base/statistics.hh:81,
                 from build/RISCV/sim/clock_domain.hh:49,
                 from build/RISCV/sim/clocked_object.hh:50,
                 from build/RISCV/mem/ruby/common/Consumer.hh:41,
                 from build/RISCV/mem/ruby/network/simple/Throttle.hh:45,
                 from build/RISCV/mem/ruby/network/simple/Throttle.cc:29:
build/RISCV/base/statistics.hh: In instantiation of 'Stats::VectorBase<Derived, Stor>::Proxy Stats::VectorBase<Derived, Stor>::operator[](Stats::off_type) [with Derived = Stats::Vector; Stor = Stats::StatStor; Stats::VectorBase<Derived, Stor>::Proxy = Stats::ScalarProxy<Stats::Vector>; Stats::off_type = unsigned int]':
build/RISCV/mem/ruby/network/simple/Throttle.cc:142:61:   required from here
build/RISCV/base/statistics.hh:1164:23: warning: comparison of unsigned expression in '>= 0' is always true [-Wtype-limits]
 1164 |         assert (index >= 0 && index < size());
      |                 ~~~~~~^~~~
 [ TRACING]  -> RISCV/debug/ThermalDomain.hh
 [     CXX] RISCV/sim/power/thermal_domain.cc -> .o
 [     CXX] RISCV/sim/power/thermal_model.cc -> .o
 [     CXX] RISCV/sim/power/thermal_node.cc -> .o
 [     CXX] RISCV/mem/cache/replacement_policies/bip_rp.cc -> .o
 [     CXX] RISCV/mem/cache/replacement_policies/brrip_rp.cc -> .o
 [     CXX] RISCV/mem/cache/replacement_policies/fifo_rp.cc -> .o
 [     CXX] RISCV/mem/cache/replacement_policies/lfu_rp.cc -> .o
 [     CXX] RISCV/mem/cache/replacement_policies/lru_rp.cc -> .o
 [     CXX] RISCV/mem/cache/replacement_policies/mru_rp.cc -> .o
 [     CXX] RISCV/mem/cache/replacement_policies/random_rp.cc -> .o
 [     CXX] RISCV/mem/cache/replacement_policies/second_chance_rp.cc -> .o
 [     CXX] RISCV/mem/cache/replacement_policies/tree_plru_rp.cc -> .o
 [    LINK]  -> RISCV/mem/ruby/network/simple/lib.o.partial
 [     CXX] RISCV/mem/cache/replacement_policies/weighted_lru_rp.cc -> .o
 [VER TAGS]  -> RISCV/sim/tags.cc
 [     CXX] RISCV/sim/init_signals.cc -> .o
 [     CXX] RISCV/sim/sim_object.cc -> .o
 [     CXX] RISCV/sim/sub_system.cc -> .o
 [     CXX] RISCV/sim/tags.cc -> .o
 [     CXX] RISCV/sim/ticked_object.cc -> .o
 [     CXX] RISCV/sim/simulate.cc -> .o
 [     CXX] RISCV/sim/stat_control.cc -> .o
 [     CXX] RISCV/sim/stat_register.cc -> .o
 [    LINK]  -> RISCV/mem/ruby/protocol/lib.o.partial
 [    LINK]  -> RISCV/cpu/testers/memtest/lib.o.partial
 [ TRACING]  -> RISCV/debug/ClockDomain.hh
 [    LINK]  -> RISCV/mem/cache/replacement_policies/lib.o.partial
 [     CXX] RISCV/sim/clock_domain.cc -> .o
 [ TRACING]  -> RISCV/debug/VoltageDomain.hh
 [     CXX] RISCV/sim/se_signal.cc -> .o
 [     CXX] RISCV/sim/voltage_domain.cc -> .o
 [    LINK]  -> RISCV/sim/power/lib.o.partial
 [     CXX] RISCV/sim/linear_solver.cc -> .o
 [GENERATE] riscv -> RISCV/arch/remote_gdb.hh
 [CONFIG H] USE_KVM, 0 -> RISCV/config/use_kvm.hh
 [ TRACING]  -> RISCV/debug/WorkItems.hh
 [CONFIG H] HAVE_PERF_ATTR_EXCLUDE_HOST, 1 -> RISCV/config/have_perf_attr_exclude_host.hh
 [     CXX] RISCV/sim/system.cc -> .o
 [     CXX] RISCV/sim/dvfs_handler.cc -> .o
 [     CXX] RISCV/sim/clocked_object.cc -> .o
cc1plus: all warnings being treated as errors
 [     CXX] RISCV/sim/mathexpr.cc -> .o
 [ TRACING]  -> RISCV/debug/PowerDomain.hh
 [     CXX] RISCV/sim/power_state.cc -> .o
 [     CXX] RISCV/sim/power_domain.cc -> .o
scons: *** [build/RISCV/dev/net/sinic.o] Error 1
In file included from /usr/include/c++/11/cassert:44,
                 from build/RISCV/base/logging.hh:44,
                 from build/RISCV/base/intmath.hh:36,
                 from build/RISCV/base/statistics.hh:81,
                 from build/RISCV/sim/power_state.hh:49,
                 from build/RISCV/sim/power_state.cc:38:
build/RISCV/base/statistics.hh: In instantiation of 'Stats::VectorBase<Derived, Stor>::Proxy Stats::VectorBase<Derived, Stor>::operator[](Stats::off_type) [with Derived = Stats::Vector; Stor = Stats::StatStor; Stats::VectorBase<Derived, Stor>::Proxy = Stats::ScalarProxy<Stats::Vector>; Stats::off_type = unsigned int]':
build/RISCV/sim/power_state.cc:184:44:   required from here
build/RISCV/base/statistics.hh:1164:23: warning: comparison of unsigned expression in '>= 0' is always true [-Wtype-limits]
 1164 |         assert (index >= 0 && index < size());
      |                 ~~~~~~^~~~
scons: building terminated because of errors.
*** Summary of Warnings ***
Warning: Your compiler doesn't support incremental linking and lto at the same
         time, so lto is being disabled. To force lto on anyway, use the
         --force-lto option. That will disable partial linking.
Warning: No suitable back trace implementation found.
