*** Error loading site_init file ./site_scons/site_init.py:
*** cannot import site init file ./site_scons/site_init.py:
ModuleNotFoundError: No module named 'm5':
  File "/usr/lib/python3/dist-packages/SCons/Script/Main.py", line 1391:
    _exec_main(parser, values)
  File "/usr/lib/python3/dist-packages/SCons/Script/Main.py", line 1355:
    _main(parser)
  File "/usr/lib/python3/dist-packages/SCons/Script/Main.py", line 978:
    _load_all_site_scons_dirs(d.get_internal_path())
  File "/usr/lib/python3/dist-packages/SCons/Script/Main.py", line 824:
    _load_site_scons_dir(d)
  File "/usr/lib/python3/dist-packages/SCons/Script/Main.py", line 762:
    exec(codeobj, site_m)
  File "site_init", line 50:
    
  File "/usr/lib/python3/dist-packages/SCons/Script/SConscript.py", line 659:
    env = self.factory()
  File "/usr/lib/python3/dist-packages/SCons/Script/SConscript.py", line 639:
    default_env = SCons.Defaults.DefaultEnvironment()
  File "/usr/lib/python3/dist-packages/SCons/Defaults.py", line 86:
    _default_env = SCons.Environment.Environment(*args, **kw)
  File "/usr/lib/python3/dist-packages/SCons/Environment.py", line 999:
    apply_tools(self, tools, toolpath)
  File "/usr/lib/python3/dist-packages/SCons/Environment.py", line 102:
    env.Tool(tool)
  File "/usr/lib/python3/dist-packages/SCons/Environment.py", line 1844:
    tool(self)
  File "/usr/lib/python3/dist-packages/SCons/Tool/__init__.py", line 269:
    self.generate(env, *args, **kw)
  File "/workspace/MLX_dev/third_party/dsa-framework/dsa-gem5/site_scons/site_tools/default.py", line 90:
    SCons.Tool.Tool(tool)(env)
  File "/usr/lib/python3/dist-packages/SCons/Tool/__init__.py", line 119:
    module = self._tool_module()
  File "/usr/lib/python3/dist-packages/SCons/Tool/__init__.py", line 205:
    module = spec.loader.load_module(spec.name)
  File "<frozen importlib._bootstrap_external>", line 548:
    
  File "<frozen importlib._bootstrap_external>", line 1063:
    
  File "<frozen importlib._bootstrap_external>", line 888:
    
  File "<frozen importlib._bootstrap>", line 290:
    
  File "<frozen importlib._bootstrap>", line 719:
    
  File "<frozen importlib._bootstrap>", line 688:
    
  File "<frozen importlib._bootstrap_external>", line 883:
    
  File "<frozen importlib._bootstrap>", line 241:
    
  File "/workspace/MLX_dev/third_party/dsa-framework/dsa-gem5/site_scons/site_tools/git.py", line 45:
    import gem5_scons.util
  File "/workspace/MLX_dev/third_party/dsa-framework/dsa-gem5/site_scons/gem5_scons/__init__.py", line 46:
    from gem5_scons.util import get_termcap
  File "/workspace/MLX_dev/third_party/dsa-framework/dsa-gem5/site_scons/gem5_scons/util.py", line 45:
    import m5.util.terminal
