OpenROAD v2.0-17598-ga008522d8 
Features included (+) or not (-): +Charts +GPU +GUI +Python : None
This program is licensed under the BSD-3 license. See the LICENSE file for details.
Components of this program may be licensed under more restrictive licenses which must be honored.
[INFO ODB-0227] LEF file: /opt/OpenROAD-flow-scripts/flow/platforms/nangate45/lef/NangateOpenCellLibrary.tech.lef, created 22 layers, 27 vias
[INFO ODB-0227] LEF file: /opt/OpenROAD-flow-scripts/flow/platforms/nangate45/lef/NangateOpenCellLibrary.macro.lef, created 134 library cells
Annotated 564 pin activities.
PPA_TIMING_BEGIN
Startpoint: _40299_ (rising edge-triggered flip-flop clocked by clk)
Endpoint: _37257_ (rising edge-triggered flip-flop clocked by clk)
Path Group: clk
Path Type: max

        Cap        Slew       Delay        Time   Description
---------------------------------------------------------------------------------------
               0.000000    0.000000    0.000000   clock clk (rise edge)
                           0.000000    0.000000   clock network delay (ideal)
               0.000000    0.000000    0.000000 ^ _40299_/CK (DFFR_X1)
  18.781183    0.046269    0.138834    0.138834 ^ _40299_/Q (DFFR_X1)
   6.139496    0.016118    0.021933    0.160767 v _17498_/ZN (INV_X1)
 109.281883    1.063609    1.236715    1.397482 ^ _21042_/ZN (NOR4_X1)
 191.477554    0.344230    1.119586    2.517068 v _21043_/ZN (NAND2_X1)
   0.899702    0.020835    0.149609    2.666677 v _21233_/Z (MUX2_X1)
   1.062342    0.016604    0.061102    2.727779 v _21234_/Z (MUX2_X1)
               0.016604    0.000000    2.727779 v _37257_/D (DFF_X1)
                                       2.727779   data arrival time

               0.000000    1.000000    1.000000   clock clk (rise edge)
                           0.000000    1.000000   clock network delay (ideal)
                           0.000000    1.000000   clock reconvergence pessimism
                                       1.000000 ^ _37257_/CK (DFF_X1)
                          -0.043489    0.956511   library setup time
                                       0.956511   data required time
---------------------------------------------------------------------------------------
                                       0.956511   data required time
                                      -2.727779   data arrival time
---------------------------------------------------------------------------------------
                                      -1.771267   slack (VIOLATED)


PPA_TIMING_END
PPA_POWER_BEGIN
Group                  Internal  Switching    Leakage      Total
                          Power      Power      Power      Power (Watts)
----------------------------------------------------------------
Sequential             3.82e-04   2.76e-05   4.33e-04   8.42e-04  28.1%
Combinational          1.17e-03   4.30e-04   5.12e-04   2.11e-03  70.6%
Clock                  2.12e-06   3.61e-05   5.51e-08   3.82e-05   1.3%
Macro                  0.00e+00   0.00e+00   0.00e+00   0.00e+00   0.0%
Pad                    0.00e+00   0.00e+00   0.00e+00   0.00e+00   0.0%
----------------------------------------------------------------
Total                  1.56e-03   4.94e-04   9.45e-04   3.00e-03 100.0%
                          52.0%      16.5%      31.5%
PPA_POWER_END
