OpenROAD v2.0-17598-ga008522d8 
Features included (+) or not (-): +Charts +GPU +GUI +Python : None
This program is licensed under the BSD-3 license. See the LICENSE file for details.
Components of this program may be licensed under more restrictive licenses which must be honored.
[INFO ODB-0227] LEF file: /opt/OpenROAD-flow-scripts/flow/platforms/nangate45/lef/NangateOpenCellLibrary.tech.lef, created 22 layers, 27 vias
[INFO ODB-0227] LEF file: /opt/OpenROAD-flow-scripts/flow/platforms/nangate45/lef/NangateOpenCellLibrary.macro.lef, created 134 library cells
Annotated 143 pin activities.
PPA_TIMING_BEGIN
Startpoint: _8024_ (rising edge-triggered flip-flop clocked by clk)
Endpoint: _8024_ (rising edge-triggered flip-flop clocked by clk)
Path Group: clk
Path Type: max

        Cap        Slew       Delay        Time   Description
---------------------------------------------------------------------------------------
               0.000000    0.000000    0.000000   clock clk (rise edge)
                           0.000000    0.000000   clock network delay (ideal)
               0.000000    0.000000    0.000000 ^ _8024_/CK (DFF_X1)
   2.458027    0.007196    0.080276    0.080276 v _8024_/Q (DFF_X1)
   1.062342    0.016478    0.055443    0.135719 v _5166_/Z (MUX2_X1)
               0.016478    0.000000    0.135719 v _8024_/D (DFF_X1)
                                       0.135719   data arrival time

               0.000000    1.000000    1.000000   clock clk (rise edge)
                           0.000000    1.000000   clock network delay (ideal)
                           0.000000    1.000000   clock reconvergence pessimism
                                       1.000000 ^ _8024_/CK (DFF_X1)
                          -0.043437    0.956563   library setup time
                                       0.956563   data required time
---------------------------------------------------------------------------------------
                                       0.956563   data required time
                                      -0.135719   data arrival time
---------------------------------------------------------------------------------------
                                       0.820843   slack (MET)


PPA_TIMING_END
PPA_POWER_BEGIN
Group                  Internal  Switching    Leakage      Total
                          Power      Power      Power      Power (Watts)
----------------------------------------------------------------
Sequential             1.33e-04   8.16e-06   9.48e-05   2.36e-04  60.8%
Combinational          4.16e-05   1.35e-05   8.52e-05   1.40e-04  36.1%
Clock                  2.01e-08   1.19e-05   2.56e-08   1.20e-05   3.1%
Macro                  0.00e+00   0.00e+00   0.00e+00   0.00e+00   0.0%
Pad                    0.00e+00   0.00e+00   0.00e+00   0.00e+00   0.0%
----------------------------------------------------------------
Total                  1.75e-04   3.36e-05   1.80e-04   3.89e-04 100.0%
                          45.0%       8.7%      46.3%
PPA_POWER_END
