OpenROAD v2.0-17598-ga008522d8 
Features included (+) or not (-): +Charts +GPU +GUI +Python : None
This program is licensed under the BSD-3 license. See the LICENSE file for details.
Components of this program may be licensed under more restrictive licenses which must be honored.
[INFO ODB-0227] LEF file: /opt/OpenROAD-flow-scripts/flow/platforms/nangate45/lef/NangateOpenCellLibrary.tech.lef, created 22 layers, 27 vias
[INFO ODB-0227] LEF file: /opt/OpenROAD-flow-scripts/flow/platforms/nangate45/lef/NangateOpenCellLibrary.macro.lef, created 134 library cells
Annotated 874 pin activities.
PPA_TIMING_BEGIN
Startpoint: _3173_ (rising edge-triggered flip-flop clocked by clk)
Endpoint: _3180_ (rising edge-triggered flip-flop clocked by clk)
Path Group: clk
Path Type: max

        Cap        Slew       Delay        Time   Description
---------------------------------------------------------------------------------------
               0.000000    0.000000    0.000000   clock clk (rise edge)
                           0.000000    0.000000   clock network delay (ideal)
               0.000000    0.000000    0.000000 ^ _3173_/CK (DFFR_X1)
   8.598991    0.023852    0.115337    0.115337 ^ _3173_/Q (DFFR_X1)
   3.932010    0.017466    0.029131    0.144468 v _1543_/ZN (NAND3_X1)
   5.678124    0.033942    0.051976    0.196444 ^ _1545_/ZN (NOR2_X1)
   3.932010    0.017157    0.031763    0.228207 v _1549_/ZN (NAND3_X1)
   4.027747    0.026285    0.043432    0.271639 ^ _1551_/ZN (NOR2_X1)
   2.368165    0.009596    0.018714    0.290353 v _1553_/ZN (NAND2_X1)
   1.052731    0.008581    0.036938    0.327290 v _1555_/ZN (XNOR2_X1)
               0.008581    0.000000    0.327290 v _3180_/D (DFFR_X1)
                                       0.327290   data arrival time

               0.000000    1.000000    1.000000   clock clk (rise edge)
                           0.000000    1.000000   clock network delay (ideal)
                           0.000000    1.000000   clock reconvergence pessimism
                                       1.000000 ^ _3180_/CK (DFFR_X1)
                          -0.040528    0.959472   library setup time
                                       0.959472   data required time
---------------------------------------------------------------------------------------
                                       0.959472   data required time
                                      -0.327290   data arrival time
---------------------------------------------------------------------------------------
                                       0.632182   slack (MET)


PPA_TIMING_END
PPA_POWER_BEGIN
Group                  Internal  Switching    Leakage      Total
                          Power      Power      Power      Power (Watts)
----------------------------------------------------------------
Sequential             5.83e-03   0.00e+00   7.03e-05   5.90e-03  99.5%
Combinational          8.92e-18   1.06e-17   3.26e-05   3.26e-05   0.5%
Clock                  0.00e+00   0.00e+00   0.00e+00   0.00e+00   0.0%
Macro                  0.00e+00   0.00e+00   0.00e+00   0.00e+00   0.0%
Pad                    0.00e+00   0.00e+00   0.00e+00   0.00e+00   0.0%
----------------------------------------------------------------
Total                  5.83e-03   1.06e-17   1.03e-04   5.94e-03 100.0%
                          98.3%       0.0%       1.7%
PPA_POWER_END
