OpenROAD v2.0-17598-ga008522d8 
Features included (+) or not (-): +Charts +GPU +GUI +Python : None
This program is licensed under the BSD-3 license. See the LICENSE file for details.
Components of this program may be licensed under more restrictive licenses which must be honored.
[INFO ODB-0227] LEF file: /opt/OpenROAD-flow-scripts/flow/platforms/nangate45/lef/NangateOpenCellLibrary.tech.lef, created 22 layers, 27 vias
[INFO ODB-0227] LEF file: /opt/OpenROAD-flow-scripts/flow/platforms/nangate45/lef/NangateOpenCellLibrary.macro.lef, created 134 library cells
Annotated 777 pin activities.
PPA_TIMING_BEGIN
Startpoint: _264_ (rising edge-triggered flip-flop clocked by clk)
Endpoint: _264_ (rising edge-triggered flip-flop clocked by clk)
Path Group: clk
Path Type: max

        Cap        Slew       Delay        Time   Description
---------------------------------------------------------------------------------------
               0.000000    0.000000    0.000000   clock clk (rise edge)
                           0.000000    0.000000   clock network delay (ideal)
               0.000000    0.000000    0.000000 ^ _264_/CK (DFFR_X1)
   0.917039    0.005998    0.082701    0.082701 v _264_/Q (DFFR_X1)
   1.052731    0.009845    0.054549    0.137250 v _135_/Z (MUX2_X1)
               0.009845    0.000000    0.137250 v _264_/D (DFFR_X1)
                                       0.137250   data arrival time

               0.000000    1.000000    1.000000   clock clk (rise edge)
                           0.000000    1.000000   clock network delay (ideal)
                           0.000000    1.000000   clock reconvergence pessimism
                                       1.000000 ^ _264_/CK (DFFR_X1)
                          -0.041036    0.958964   library setup time
                                       0.958964   data required time
---------------------------------------------------------------------------------------
                                       0.958964   data required time
                                      -0.137250   data arrival time
---------------------------------------------------------------------------------------
                                       0.821714   slack (MET)


PPA_TIMING_END
PPA_POWER_BEGIN
Group                  Internal  Switching    Leakage      Total
                          Power      Power      Power      Power (Watts)
----------------------------------------------------------------
Sequential             1.24e-03   1.88e-05   1.17e-05   1.27e-03  66.9%
Combinational          1.07e-04   2.22e-05   5.01e-04   6.30e-04  33.1%
Clock                  0.00e+00   0.00e+00   0.00e+00   0.00e+00   0.0%
Macro                  0.00e+00   0.00e+00   0.00e+00   0.00e+00   0.0%
Pad                    0.00e+00   0.00e+00   0.00e+00   0.00e+00   0.0%
----------------------------------------------------------------
Total                  1.35e-03   4.10e-05   5.13e-04   1.90e-03 100.0%
                          70.9%       2.2%      27.0%
PPA_POWER_END
