OpenROAD v2.0-17598-ga008522d8 
Features included (+) or not (-): +Charts +GPU +GUI +Python : None
This program is licensed under the BSD-3 license. See the LICENSE file for details.
Components of this program may be licensed under more restrictive licenses which must be honored.
[INFO ODB-0227] LEF file: /opt/OpenROAD-flow-scripts/flow/platforms/nangate45/lef/NangateOpenCellLibrary.tech.lef, created 22 layers, 27 vias
[INFO ODB-0227] LEF file: /opt/OpenROAD-flow-scripts/flow/platforms/nangate45/lef/NangateOpenCellLibrary.macro.lef, created 134 library cells
Annotated 132 pin activities.
PPA_TIMING_BEGIN
Startpoint: _3690_ (rising edge-triggered flip-flop clocked by clk)
Endpoint: _3688_ (rising edge-triggered flip-flop clocked by clk)
Path Group: clk
Path Type: max

        Cap        Slew       Delay        Time   Description
---------------------------------------------------------------------------------------
               0.000000    0.000000    0.000000   clock clk (rise edge)
                           0.000000    0.000000   clock network delay (ideal)
               0.000000    0.000000    0.000000 ^ _3690_/CK (DFFR_X1)
   4.814488    0.016104    0.106886    0.106886 ^ _3690_/Q (DFFR_X1)
               0.016104    0.000000    0.106886 ^ _3369_/A (XOR2_X1)
   4.193526    0.033255    0.061090    0.167976 ^ _3369_/Z (XOR2_X1)
               0.033255    0.000000    0.167976 ^ _3374_/B1 (AOI21_X1)
   1.558325    0.012156    0.018403    0.186379 v _3374_/ZN (AOI21_X1)
               0.012156    0.000000    0.186379 v _3383_/B2 (OAI21_X1)
   4.222699    0.030055    0.045783    0.232162 ^ _3383_/ZN (OAI21_X1)
               0.030055    0.000000    0.232162 ^ _3391_/B2 (AOI21_X1)
   1.558325    0.012214    0.018474    0.250636 v _3391_/ZN (AOI21_X1)
               0.012214    0.000000    0.250636 v _3400_/B2 (OAI21_X1)
   4.222699    0.030055    0.045806    0.296442 ^ _3400_/ZN (OAI21_X1)
               0.030055    0.000000    0.296442 ^ _3407_/B2 (AOI21_X1)
   4.563473    0.016587    0.026261    0.322703 v _3407_/ZN (AOI21_X1)
               0.016587    0.000000    0.322703 v _3413_/B2 (OAI21_X1)
   4.222699    0.030054    0.047547    0.370250 ^ _3413_/ZN (OAI21_X1)
               0.030054    0.000000    0.370250 ^ _3420_/B2 (AOI21_X1)
   3.639709    0.015274    0.024035    0.394284 v _3420_/ZN (AOI21_X1)
               0.015274    0.000000    0.394284 v _3430_/A1 (NOR3_X1)
   4.986809    0.049900    0.061724    0.456008 ^ _3430_/ZN (NOR3_X1)
               0.049900    0.000000    0.456008 ^ _3438_/B2 (OAI21_X1)
   3.912633    0.020402    0.032314    0.488322 v _3438_/ZN (OAI21_X1)
               0.020402    0.000000    0.488322 v _3452_/A2 (AND3_X1)
   1.747601    0.006750    0.038958    0.527280 v _3452_/ZN (AND3_X1)
               0.006750    0.000000    0.527280 v _3461_/A3 (OR4_X1)
   3.811642    0.020115    0.117992    0.645272 v _3461_/ZN (OR4_X1)
               0.020115    0.000000    0.645272 v _3468_/B2 (AOI21_X1)
   4.253487    0.033576    0.048664    0.693936 ^ _3468_/ZN (AOI21_X1)
               0.033576    0.000000    0.693936 ^ _3481_/B1 (OAI21_X1)
   2.296940    0.013332    0.020740    0.714677 v _3481_/ZN (OAI21_X1)
               0.013332    0.000000    0.714677 v _3490_/C1 (AOI211_X1)
   1.620338    0.036457    0.038309    0.752986 ^ _3490_/ZN (AOI211_X1)
               0.036457    0.000000    0.752986 ^ _3496_/A (AOI211_X1)
   3.747225    0.016322    0.025062    0.778048 v _3496_/ZN (AOI211_X1)
               0.016322    0.000000    0.778048 v _3510_/C1 (OAI211_X1)
   2.612720    0.024779    0.036824    0.814872 ^ _3510_/ZN (OAI211_X1)
               0.024779    0.000000    0.814872 ^ _3519_/A3 (NAND4_X1)
   2.377110    0.019690    0.035479    0.850351 v _3519_/ZN (NAND4_X1)
               0.019690    0.000000    0.850351 v _3525_/A1 (AND2_X1)
   4.563473    0.008956    0.039015    0.889366 v _3525_/ZN (AND2_X1)
               0.008956    0.000000    0.889366 v _3531_/B2 (OAI21_X1)
   6.385964    0.040082    0.055615    0.944981 ^ _3531_/ZN (OAI21_X1)
               0.040082    0.000000    0.944981 ^ _3542_/C1 (OAI211_X1)
   4.504996    0.022507    0.037580    0.982561 v _3542_/ZN (OAI211_X1)
               0.022507    0.000000    0.982561 v _3548_/B1 (AOI21_X1)
   4.302372    0.033702    0.045105    1.027665 ^ _3548_/ZN (AOI21_X1)
               0.033702    0.000000    1.027665 ^ _3556_/B1 (OAI21_X1)
   4.504777    0.016553    0.027245    1.054910 v _3556_/ZN (OAI21_X1)
               0.016553    0.000000    1.054910 v _3562_/B1 (AOI21_X1)
   4.302372    0.033702    0.042303    1.097214 ^ _3562_/ZN (AOI21_X1)
               0.033702    0.000000    1.097214 ^ _3569_/B1 (OAI21_X1)
   2.423096    0.013547    0.021171    1.118384 v _3569_/ZN (OAI21_X1)
               0.013547    0.000000    1.118384 v _3573_/A2 (AND2_X1)
   4.418241    0.008825    0.038233    1.156617 v _3573_/ZN (AND2_X1)
               0.008825    0.000000    1.156617 v _3575_/A1 (NOR2_X1)
   1.626352    0.015205    0.022768    1.179385 ^ _3575_/ZN (NOR2_X1)
               0.015205    0.000000    1.179385 ^ _3579_/A (AOI21_X1)
   2.239208    0.009456    0.015372    1.194757 v _3579_/ZN (AOI21_X1)
               0.009456    0.000000    1.194757 v _3581_/A1 (OR2_X1)
   3.047770    0.010634    0.048090    1.242847 v _3581_/ZN (OR2_X1)
               0.010634    0.000000    1.242847 v _3585_/A (OAI21_X1)
   2.545846    0.022277    0.022963    1.265810 ^ _3585_/ZN (OAI21_X1)
               0.022277    0.000000    1.265810 ^ _3587_/A1 (OR2_X1)
   1.621225    0.007531    0.026891    1.292701 ^ _3587_/ZN (OR2_X1)
               0.007531    0.000000    1.292701 ^ _3589_/A2 (NAND3_X1)
   3.886739    0.047034    0.025943    1.318644 v _3589_/ZN (NAND3_X1)
               0.047034    0.000000    1.318644 v _3590_/B (XNOR2_X1)
   1.052731    0.012031    0.054656    1.373299 v _3590_/ZN (XNOR2_X1)
               0.012031    0.000000    1.373299 v _3688_/D (DFFR_X1)
                                       1.373299   data arrival time

               0.000000    1.000000    1.000000   clock clk (rise edge)
                           0.000000    1.000000   clock network delay (ideal)
                           0.000000    1.000000   clock reconvergence pessimism
                                       1.000000 ^ _3688_/CK (DFFR_X1)
                          -0.041916    0.958084   library setup time
                                       0.958084   data required time
---------------------------------------------------------------------------------------
                                       0.958084   data required time
                                      -1.373299   data arrival time
---------------------------------------------------------------------------------------
                                      -0.415216   slack (VIOLATED)


PPA_TIMING_END
PPA_POWER_BEGIN
Group                  Internal  Switching    Leakage      Total
                          Power      Power      Power      Power (Watts)
----------------------------------------------------------------
Sequential             1.32e-03   9.55e-05   1.10e-05   1.42e-03  78.5%
Combinational          2.35e-04   1.10e-04   4.40e-05   3.89e-04  21.5%
Clock                  0.00e+00   0.00e+00   0.00e+00   0.00e+00   0.0%
Macro                  0.00e+00   0.00e+00   0.00e+00   0.00e+00   0.0%
Pad                    0.00e+00   0.00e+00   0.00e+00   0.00e+00   0.0%
----------------------------------------------------------------
Total                  1.55e-03   2.05e-04   5.50e-05   1.81e-03 100.0%
                          85.6%      11.3%       3.0%
PPA_POWER_END
