Global frequency set at 1000000000000 ticks per second
warn: DRAM device capacity (32768 Mbytes) does not match the address range assigned (512 Mbytes)
warn: Sockets disabled, not accepting gdb connections
info: Entering event queue @ 0.  Starting simulation...
warn: PowerState: Already in the requested power state, request ignored
warn: ignoring syscall set_robust_list(...)
      (further warnings will be suppressed)
info: Increasing stack size by one page.
warn: ignoring syscall mprotect(...)
warn: fstatat64: first argument not AT_FDCWD; unlikely to work
MLX_OVERLAY_CLOCK started_at_tick=89991000
MLX_OVERLAY_SUMMARY {"scenario":"gem5","cycles":160944,"physical_pe_count":16,"mapped_pe_count":16,"done":true,"record_events":true,"start_in_roi":false,"pe_dependency_model":"paper_static","memory_backend":"adapter","instructions_issued":319488,"instructions_completed":319488,"max_active_tags":3,"route_hops":53248,"skip_hops":53248,"unit_hops":0,"link_stalls":0,"max_pipeline_issues_in_cycle":4,"boundary_events_emitted":53248,"event_unblocked_issues_before_tag_complete":9159,"external_memory_requests":159744,"external_memory_completions":159744,"external_memory_wait_cycles":477910,"issued_by_pipeline":{"load":106496,"store":53248,"compute":106496,"xfer":53248},"busy_cycles_by_pipeline":{"load":147932,"store":102285,"compute":121256,"xfer":77391},"resident_pe_cycles_by_pipeline":{"load":425263,"store":212391,"compute":266240,"xfer":106496},"productive_pe_cycles_by_pipeline":{"load":106496,"store":53248,"compute":266240,"xfer":106496},"productive_global_cycles_by_pipeline":{"load":106331,"store":53248,"compute":121256,"xfer":77391},"issue_cycles_by_pipeline":{"load":106331,"store":53248,"compute":86300,"xfer":53248},"stalls_by_reason":{"event_dependency":2119835,"memory_queue_full":2685206,"pipeline_contention":173212}}
MLX_SPAD_ADAPTER_SUMMARY {"requests":159744,"responses":159744,"unavailable_checks":2685206,"max_response_ticks":5000,"max_response_cycles":5,"bank_backpressure_cycles":0}

*** ROI STATISTICS for CORE ID: 0 ***
Simulator Time: 0.01083 seconds
Cycles: 569
Number of coalesced SPU requests: 0
Control Core Insts Issued: 44
Control Core Discarded Insts Issued: 20
Control Core Intrinsics/Instruction Issued: 12/13
Control Core Discarded Inst Stalls: 0.4545
Control Core Config Stalls: 4.921e-05
Control Core Wait Stalls:   0.0007597 (GLOBAL_WAITSCR_RDSCR_WRSTREAM_WAIT)  
Undispatched Streams:

ACCEL 0 STATS ***
Commands Issued: 0
CGRA Instances: 256 -- Activity Ratio: 0.0005039, DFGs / Cycle: 0.0005039
For backcgra, Average thoughput of all ports (overall): 0.0005039, CGRA outputs/cgra busy cycles: 1
CGRA Insts / Computation Instance: 4
CGRA Insts / Cycle: 1024 / 569 = 1.8 (overall activity factor)
Mapped DFG utilization: 0.0005039
Data availability ratio: 0
input port imbalance (%age dgra nodes could not fire): 0
Percentage bank conflicts: -nan
L1 cache hit rate: 0
Avg wait cycles on a byte read: 29.66
Percentage cycles spent due to conflict in atomic scr: -nan
Cycle Breakdown:
CONFIGURE:	4.569%(26)
MEMORY_BW:	4.569%(26)
CONST_BW:	0%(0)
SPAD_BW:	0%(0)
REC_WAIT:	0%(0)
COMPUTING:	44.99%(256)
HOST_WAIT:	0%(0)
SCR_BARRIER:	0%(0)
CMD_QUEUE:	0%(0)
BACKPRESSURE:	0%(0)
DRAIN_PIPE:	19.16%(109)
HOST:	26.71%(152)
Bandwidth Table: (B/c=Bytes/cycle, B/r=Bytes/request) -- Breakdown (sources/destinatinos): 
Read SPAD:	0 B (0 B/c, -nan B/r) 0
R/Request SPAD:	0 B (0 B/c)
Write SPAD:	0 B (0 B/c, -nan B/r) 0
W/Request SPAD:	0 B (0 B/c)
Read DMA:	16384 B (28.79 B/c, 64 B/r) 256
R/Request DMA:	16384 B (28.79 B/c)
Avg DMA Latency: 3.797 cycles , 3.797, 3.797, 3.797, 1.421
Write DMA:	8192 B (14.4 B/c, 61.59 B/r) 133
W/Request DMA:	8512 B (14.96 B/c)
Bubbles Caused by TLB Transfer: 0
Recur Bus:	0 B (0 B/c, -nan B/r) 0

Cores used: 1bitmask: 1
Total atomic updates: 0
Total Memory Activity: 0

 -- Parallelization Estimates --
Multi-Pipeline Cycles (cores:cycles): 1:508066 2:254033 3:169355 4:127016 5:101613 6:84677 7:72580 8:63508 9:56451 10:50806 11:46187 12:42338 13:39082 14:36290 15:33871 16:31754 17:29886 18:28225 
Multi-Pipeline Activity: (cores:cycles)1:0.0005039 2:0.0005039 3:0.0005039 4:0.0005039 5:0.0005039 6:0.0005039 7:0.0005039 8:0.0005039 9:0.0005039 10:0.0005039 11:0.0005039 12:0.0005039 13:0.0005039 14:0.0005039 15:0.0005039 16:0.0005039 17:0.0005039 18:0.0005039 

[single-core] initialization finished
[single-core] cpu pass finished, 12558 cycles passed! 
[single-core] warm i-cache finished, 161098 cycles passed! 
[single-core] accelerator finished ...
[single-core] sanity check passed successfully! 
gem5 Simulator System.  http://gem5.org
gem5 is copyrighted software; use the --copyright option for details.

gem5 version 20.0.0.2
gem5 compiled Aug 17 2026 18:48:19
gem5 started Aug 17 2026 18:48:58
gem5 executing on ubuntu, pid 1318938
command line: /workspace/MLX_dev/third_party/dsa-framework/dsa-gem5/build/RISCV/gem5.opt -d /workspace/MLX_dev/artifacts/environment/h61/runs/bsmm-8192/m5out /workspace/MLX_dev/third_party/dsa-framework/dsa-gem5/configs/example/se.py --cpu-type=MinorCPU --l1d_size=32kB --l1d_assoc=8 --l1i_size=16kB --caches --l2_size=512kB --l2cache --num-cpus=1 --cpu-clock=1GHz --sys-clock=1GHz --mem-type=DDR4_2400_16x4 --cmd=/workspace/MLX_dev/third_party/dsa-framework/dsa-apps/sdk/compiled/ss-vecadd-gnu.out

info: Standard input is not a terminal, disabling listeners.
**** REAL SIMULATION ****
Exiting @ tick 275448000 because exiting with last active thread context
warn: CheckedInt already exists in allParams. This may be caused by the Python 2.7 compatibility layer.
warn: Enum already exists in allParams. This may be caused by the Python 2.7 compatibility layer.
warn: ScopedEnum already exists in allParams. This may be caused by the Python 2.7 compatibility layer.
warn: No dot file generated. Please install pydot to generate the dot file and pdf.
