{
  "synthesis_records": 12,
  "power_records": 24,
  "raw": {
    "full_area_um2": {
      "config_network": 9431.562,
      "data_network": 67363.17,
      "control_logic": 7994.896,
      "tag_buffer": 11364.052,
      "register_file": 23837.324,
      "fu_simd32": 119610.358
    },
    "reduced_area_um2": {
      "config_network": 944.832,
      "data_network": 2707.082,
      "control_logic": 2068.15,
      "tag_buffer": 2854.18,
      "register_file": 2317.392,
      "fu_simd32": 21058.688
    },
    "full_average_power_w": {
      "config_network": 0.009086666666666667,
      "data_network": 0.0901,
      "control_logic": 0.008496666666666666,
      "tag_buffer": 0.0095,
      "register_file": 0.02153333333333333,
      "fu_simd32": 0.014400000000000001
    },
    "reduced_power_w": {
      "config_network": 0.000905,
      "data_network": 0.00291,
      "control_logic": 0.00301,
      "tag_buffer": 0.00237,
      "register_file": 0.00221,
      "fu_simd32": 0.00183
    }
  },
  "checks": {
    "synthesis_count": true,
    "synthesis": true,
    "power_count": true,
    "power": true,
    "timing": true,
    "raw_area": true,
    "raw_power": true
  }
}
