{
  "synthesis_records": 12,
  "power_records": 24,
  "raw": {
    "full_area_um2": {
      "config_network": 10322.396,
      "data_network": 48250.804,
      "control_logic": 6176.52,
      "tag_buffer": 9293.242,
      "register_file": 23840.782,
      "fu_simd32": 148528.814
    },
    "reduced_area_um2": {
      "config_network": 943.768,
      "data_network": 1935.682,
      "control_logic": 245.518,
      "tag_buffer": 311.486,
      "register_file": 2318.456,
      "fu_simd32": 21058.688
    },
    "full_average_power_w": {
      "config_network": 0.0003536666666666666,
      "data_network": 0.038799999999999994,
      "control_logic": 0.00594,
      "tag_buffer": 0.0002813333333333333,
      "register_file": 0.00378,
      "fu_simd32": 0.017733333333333334
    },
    "reduced_power_w": {
      "config_network": 6.71e-05,
      "data_network": 0.00134,
      "control_logic": 0.000609,
      "tag_buffer": 1.28e-05,
      "register_file": 0.000565,
      "fu_simd32": 0.0019
    }
  },
  "checks": {
    "synthesis_count": true,
    "synthesis": true,
    "power_count": true,
    "power": true,
    "timing": true,
    "raw_area": true,
    "raw_power": true
  }
}
