Global frequency set at 1000000000000 ticks per second
warn: DRAM device capacity (32768 Mbytes) does not match the address range assigned (512 Mbytes)
warn: Sockets disabled, not accepting gdb connections
info: Entering event queue @ 0.  Starting simulation...
warn: PowerState: Already in the requested power state, request ignored
warn: ignoring syscall set_robust_list(...)
      (further warnings will be suppressed)
info: Increasing stack size by one page.
warn: ignoring syscall mprotect(...)
warn: fstatat64: first argument not AT_FDCWD; unlikely to work

*** ROI STATISTICS for CORE ID: 0 ***
Simulator Time: 0.01429 seconds
Cycles: 569
Number of coalesced SPU requests: 0
Control Core Insts Issued: 44
Control Core Discarded Insts Issued: 20
Control Core Intrinsics/Instruction Issued: 12/13
Control Core Discarded Inst Stalls: 0.4545
Control Core Config Stalls: 0.000135
Control Core Wait Stalls:   0.002084 (GLOBAL_WAITSCR_RDSCR_WRSTREAM_WAIT)  
Undispatched Streams:

ACCEL 0 STATS ***
Commands Issued: 0
CGRA Instances: 256 -- Activity Ratio: 0.001382, DFGs / Cycle: 0.001382
For backcgra, Average thoughput of all ports (overall): 0.001382, CGRA outputs/cgra busy cycles: 1
CGRA Insts / Computation Instance: 4
CGRA Insts / Cycle: 1024 / 569 = 1.8 (overall activity factor)
Mapped DFG utilization: 0.001382
Data availability ratio: 0
input port imbalance (%age dgra nodes could not fire): 0
Percentage bank conflicts: -nan
L1 cache hit rate: 0
Avg wait cycles on a byte read: 29.66
Percentage cycles spent due to conflict in atomic scr: -nan
Cycle Breakdown:
CONFIGURE:	4.569%(26)
MEMORY_BW:	4.569%(26)
CONST_BW:	0%(0)
SPAD_BW:	0%(0)
REC_WAIT:	0%(0)
COMPUTING:	44.99%(256)
HOST_WAIT:	0%(0)
SCR_BARRIER:	0%(0)
CMD_QUEUE:	0%(0)
BACKPRESSURE:	0%(0)
DRAIN_PIPE:	19.16%(109)
HOST:	26.71%(152)
Bandwidth Table: (B/c=Bytes/cycle, B/r=Bytes/request) -- Breakdown (sources/destinatinos): 
Read SPAD:	0 B (0 B/c, -nan B/r) 0
R/Request SPAD:	0 B (0 B/c)
Write SPAD:	0 B (0 B/c, -nan B/r) 0
W/Request SPAD:	0 B (0 B/c)
Read DMA:	16384 B (28.79 B/c, 64 B/r) 256
R/Request DMA:	16384 B (28.79 B/c)
Avg DMA Latency: 3.797 cycles , 3.797, 3.797, 3.797, 1.421
Write DMA:	8192 B (14.4 B/c, 61.59 B/r) 133
W/Request DMA:	8512 B (14.96 B/c)
Bubbles Caused by TLB Transfer: 0
Recur Bus:	0 B (0 B/c, -nan B/r) 0

Cores used: 1bitmask: 1
Total atomic updates: 0
Total Memory Activity: 0

 -- Parallelization Estimates --
Multi-Pipeline Cycles (cores:cycles): 1:185250 2:92625 3:61750 4:46312 5:37050 6:30875 7:26464 8:23156 9:20583 10:18525 11:16840 12:15437 13:14250 14:13232 15:12350 16:11578 17:10897 18:10291 
Multi-Pipeline Activity: (cores:cycles)1:0.001382 2:0.001382 3:0.001382 4:0.001382 5:0.001382 6:0.001382 7:0.001382 8:0.001382 9:0.001382 10:0.001382 11:0.001382 12:0.001382 13:0.001382 14:0.001382 15:0.001382 16:0.001382 17:0.001382 18:0.001382 

[single-core] initialization finished
[single-core] cpu pass finished, 12571 cycles passed! 
[single-core] warm i-cache finished, 585 cycles passed! 
[single-core] accelerator finished ...
[single-core] sanity check passed successfully! 
gem5 Simulator System.  http://gem5.org
gem5 is copyrighted software; use the --copyright option for details.

gem5 version 20.0.0.2
gem5 compiled Aug 17 2026 14:19:20
gem5 started Aug 17 2026 14:27:57
gem5 executing on ubuntu, pid 1057103
command line: /workspace/MLX_dev/third_party/dsa-framework/dsa-gem5/build/RISCV/gem5.opt -d /workspace/MLX_dev/artifacts/smoke/dsagen-mlx-overlay/h42-final/disabled/m5out /workspace/MLX_dev/third_party/dsa-framework/dsa-gem5/configs/example/se.py --cpu-type=MinorCPU --l1d_size=32kB --l1d_assoc=8 --l1i_size=16kB --caches --l2_size=512kB --l2cache --num-cpus=1 --cpu-clock=1GHz --sys-clock=1GHz --mem-type=DDR4_2400_16x4 --cmd=./ss-vecadd-gnu.out

info: Standard input is not a terminal, disabling listeners.
**** REAL SIMULATION ****
Exiting @ tick 114277000 because exiting with last active thread context
warn: CheckedInt already exists in allParams. This may be caused by the Python 2.7 compatibility layer.
warn: Enum already exists in allParams. This may be caused by the Python 2.7 compatibility layer.
warn: ScopedEnum already exists in allParams. This may be caused by the Python 2.7 compatibility layer.
warn: No dot file generated. Please install pydot to generate the dot file and pdf.
