scons: Reading SConscript files ...
Warning: Your compiler doesn't support incremental linking and lto at the same
         time, so lto is being disabled. To force lto on anyway, use the
         --force-lto option. That will disable partial linking.
Info: Using Python config: python3-config
Checking for C header file Python.h... (cached) yes
Checking for C library python3.8... (cached) yes
Checking for C library crypt... (cached) yes
Checking for C library pthread... (cached) yes
Checking for C library dl... (cached) yes
Checking for C library util... (cached) yes
Checking for C library m... (cached) yes
Checking for accept(0,0,0) in C++ library None... (cached) yes
Checking for zlibVersion() in C++ library z... (cached) yes
Checking for GOOGLE_PROTOBUF_VERIFY_VERSION in C++ library protobuf... (cached) yes
Checking for C header file valgrind/valgrind.h... (cached) no
Checking for clock_nanosleep(0,0,NULL,NULL) in C library None... (cached) yes
Checking for timer_create(CLOCK_MONOTONIC, NULL, NULL) in C library None... (cached) yes
Checking for C library tcmalloc... (cached) yes
Checking for char temp; backtrace_symbols_fd((void*)&temp, 0, 0) in C library None... (cached) no
Checking for char temp; backtrace_symbols_fd((void*)&temp, 0, 0) in C library execinfo... (cached) no
Warning: No suitable back trace implementation found.
Checking for C header file fenv.h... (cached) yes
Checking for C header file png.h... (cached) yes
Checking for C header file linux/kvm.h... (cached) yes
Checking for C header file linux/if_tun.h... (cached) yes
Checking size of struct kvm_xsave ... (cached) yes
Checking for member exclude_host in struct perf_event_attr...(cached) yes
Checking for hdf5-serial using pkg-config... yes
Checking for H5Fcreate("", 0, 0, 0) in C library hdf5... (cached) yes
Checking for H5::H5File("", 0) in C++ library hdf5_cpp... (cached) yes
Checking whether __i386__ is declared... (cached) no
Checking whether __x86_64__ is declared... (cached) yes
Building in /workspace/MLX_dev/third_party/dsa-framework/dsa-gem5/build/RISCV
Using saved variables file /workspace/MLX_dev/third_party/dsa-framework/dsa-gem5/build/variables/RISCV
warn: CheckedInt already exists in allParams. This may be caused by the Python 2.7 compatibility layer.
warn: Enum already exists in allParams. This may be caused by the Python 2.7 compatibility layer.
warn: ScopedEnum already exists in allParams. This may be caused by the Python 2.7 compatibility layer.
scons: done reading SConscript files.
scons: Building targets ...
 [     CXX] RISCV/cpu/minor/cpu.cc -> .o
 [     CXX] RISCV/cpu/minor/decode.cc -> .o
 [     CXX] RISCV/cpu/minor/execute.cc -> .o
 [     CXX] RISCV/cpu/minor/fetch1.cc -> .o
 [     CXX] RISCV/cpu/minor/fetch2.cc -> .o
 [     CXX] RISCV/cpu/minor/lsq.cc -> .o
 [     CXX] RISCV/cpu/minor/pipeline.cc -> .o
 [     CXX] RISCV/cpu/minor/ssim/port.cc -> .o
In file included from /usr/include/c++/11/cassert:44,
                 from build/RISCV/base/intmath.hh:32,
                 from build/RISCV/base/statistics.hh:81,
                 from build/RISCV/cpu/minor/stats.hh:47,
                 from build/RISCV/cpu/minor/cpu.hh:48,
                 from build/RISCV/cpu/minor/execute.hh:49,
                 from build/RISCV/cpu/minor/execute.cc:38:
build/RISCV/base/statistics.hh: In instantiation of 'Stats::Vector2dBase<Derived, Stor>::Proxy Stats::Vector2dBase<Derived, Stor>::operator[](Stats::off_type) [with Derived = Stats::Vector2d; Stor = Stats::StatStor; Stats::Vector2dBase<Derived, Stor>::Proxy = Stats::VectorProxy<Stats::Vector2d>; Stats::off_type = unsigned int]':
build/RISCV/cpu/minor/execute.cc:961:50:   required from here
build/RISCV/base/statistics.hh:1314:23: warning: comparison of unsigned expression in '>= 0' is always true [-Wtype-limits]
 1314 |         assert (index >= 0 && offset + y <= size());
      |                 ~~~~~~^~~~
build/RISCV/base/statistics.hh: In instantiation of 'Stats::ScalarProxy<Derived> Stats::VectorProxy<Stat>::operator[](Stats::off_type) [with Stat = Stats::Vector2d; Stats::off_type = unsigned int]':
build/RISCV/cpu/minor/execute.cc:962:60:   required from here
build/RISCV/base/statistics.hh:1238:23: warning: comparison of unsigned expression in '>= 0' is always true [-Wtype-limits]
 1238 |         assert (index >= 0 && index < size());
      |                 ~~~~~~^~~~
 [     CXX] RISCV/cpu/minor/ssim/stream.cc -> .o
 [     CXX] RISCV/cpu/minor/ssim/ssim.cc -> .o
 [     CXX] RISCV/cpu/minor/ssim/mlx_overlay.cc -> .o
 [     CXX] RISCV/cpu/minor/ssim/mlx_spad_adapter.cc -> .o
 [     CXX] RISCV/cpu/minor/ssim/accel.cc -> .o
 [     CXX] RISCV/cpu/minor/ssim/arbiter.cc -> .o
In file included from build/RISCV/cpu/minor/ssim/mlx_spad_adapter.cc:9:
build/RISCV/cpu/minor/ssim/spad.h:15:8: error: redefinition of 'struct dsa::sim::Bank'
   15 | struct Bank {
      |        ^~~~
In file included from build/RISCV/cpu/minor/ssim/accel.hh:39,
                 from build/RISCV/cpu/minor/ssim/mlx_spad_adapter.cc:8:
build/RISCV/cpu/minor/ssim/./spad.h:15:8: note: previous definition of 'struct dsa::sim::Bank'
   15 | struct Bank {
      |        ^~~~
In file included from build/RISCV/cpu/minor/ssim/mlx_spad_adapter.cc:9:
build/RISCV/cpu/minor/ssim/spad.h:68:8: error: redefinition of 'struct dsa::sim::ScratchMemory'
   68 | struct ScratchMemory : adg::ScratchMemory {
      |        ^~~~~~~~~~~~~
In file included from build/RISCV/cpu/minor/ssim/accel.hh:39,
                 from build/RISCV/cpu/minor/ssim/mlx_spad_adapter.cc:8:
build/RISCV/cpu/minor/ssim/./spad.h:68:8: note: previous definition of 'struct dsa::sim::ScratchMemory'
   68 | struct ScratchMemory : adg::ScratchMemory {
      |        ^~~~~~~~~~~~~
In file included from build/RISCV/cpu/minor/ssim/mlx_spad_adapter.cc:9:
build/RISCV/cpu/minor/ssim/spad.h:84:22: error: redefinition of 'template<class T> std::ostream& dsa::sim::operator<<(std::ostream&, const dsa::sim::Bank::Statistics<T>&)'
   84 | inline std::ostream &operator<<(std::ostream &os, const Bank::Statistics<T> &stat) {
      |                      ^~~~~~~~
In file included from build/RISCV/cpu/minor/ssim/accel.hh:39,
                 from build/RISCV/cpu/minor/ssim/mlx_spad_adapter.cc:8:
build/RISCV/cpu/minor/ssim/./spad.h:84:22: note: 'template<class T> std::ostream& dsa::sim::operator<<(std::ostream&, const dsa::sim::Bank::Statistics<T>&)' previously declared here
   84 | inline std::ostream &operator<<(std::ostream &os, const Bank::Statistics<T> &stat) {
      |                      ^~~~~~~~
In file included from build/RISCV/cpu/minor/ssim/mlx_spad_adapter.cc:9:
build/RISCV/cpu/minor/ssim/spad.h:95:3: error: redefinition of 'template<class T> dsa::sim::Bank::Statistics<T> dsa::sim::operator+(const dsa::sim::Bank::Statistics<T>&, const dsa::sim::Bank::Statistics<T>&)'
   95 |   operator OP(const Bank::Statistics<T> &a, const Bank::Statistics<T> &b) { \
      |   ^~~~~~~~
build/RISCV/cpu/minor/ssim/spad.h:109:1: note: in expansion of macro 'DEFINE_STAT_OVERLOAD'
  109 | DEFINE_STAT_OVERLOAD(+)
      | ^~~~~~~~~~~~~~~~~~~~
In file included from build/RISCV/cpu/minor/ssim/accel.hh:39,
                 from build/RISCV/cpu/minor/ssim/mlx_spad_adapter.cc:8:
build/RISCV/cpu/minor/ssim/./spad.h:95:3: note: 'template<class T> dsa::sim::Bank::Statistics<T> dsa::sim::operator+(const dsa::sim::Bank::Statistics<T>&, const dsa::sim::Bank::Statistics<T>&)' previously declared here
   95 |   operator OP(const Bank::Statistics<T> &a, const Bank::Statistics<T> &b) { \
      |   ^~~~~~~~
build/RISCV/cpu/minor/ssim/./spad.h:109:1: note: in expansion of macro 'DEFINE_STAT_OVERLOAD'
  109 | DEFINE_STAT_OVERLOAD(+)
      | ^~~~~~~~~~~~~~~~~~~~
In file included from build/RISCV/cpu/minor/ssim/mlx_spad_adapter.cc:9:
build/RISCV/cpu/minor/ssim/spad.h:95:3: error: redefinition of 'template<class T> dsa::sim::Bank::Statistics<T> dsa::sim::operator*(const dsa::sim::Bank::Statistics<T>&, const dsa::sim::Bank::Statistics<T>&)'
   95 |   operator OP(const Bank::Statistics<T> &a, const Bank::Statistics<T> &b) { \
      |   ^~~~~~~~
build/RISCV/cpu/minor/ssim/spad.h:110:1: note: in expansion of macro 'DEFINE_STAT_OVERLOAD'
  110 | DEFINE_STAT_OVERLOAD(*)
      | ^~~~~~~~~~~~~~~~~~~~
In file included from build/RISCV/cpu/minor/ssim/accel.hh:39,
                 from build/RISCV/cpu/minor/ssim/mlx_spad_adapter.cc:8:
build/RISCV/cpu/minor/ssim/./spad.h:95:3: note: 'template<class T> dsa::sim::Bank::Statistics<T> dsa::sim::operator*(const dsa::sim::Bank::Statistics<T>&, const dsa::sim::Bank::Statistics<T>&)' previously declared here
   95 |   operator OP(const Bank::Statistics<T> &a, const Bank::Statistics<T> &b) { \
      |   ^~~~~~~~
build/RISCV/cpu/minor/ssim/./spad.h:110:1: note: in expansion of macro 'DEFINE_STAT_OVERLOAD'
  110 | DEFINE_STAT_OVERLOAD(*)
      | ^~~~~~~~~~~~~~~~~~~~
build/RISCV/cpu/minor/ssim/mlx_spad_adapter.cc: In member function 'virtual bool dsa::sim::mlx::Gem5ScratchpadAdapter::available(const dsa::sim::mlx::MemoryRequest&) const':
build/RISCV/cpu/minor/ssim/mlx_spad_adapter.cc:24:66: error: passing 'const dsa::sim::ScratchMemory' as 'this' argument discards qualifiers [-fpermissive]
   24 |       request.bytes >= static_cast<unsigned>(scratchpad.bandwidth())) {
      |                                              ~~~~~~~~~~~~~~~~~~~~^~
In file included from build/RISCV/cpu/minor/ssim/accel.hh:39,
                 from build/RISCV/cpu/minor/ssim/mlx_spad_adapter.cc:8:
build/RISCV/cpu/minor/ssim/./spad.h:79:7: note:   in call to 'int dsa::sim::ScratchMemory::bandwidth()'
   79 |   int bandwidth() { return bank_width * num_banks; }
      |       ^~~~~~~~~
In file included from build/RISCV/cpu/minor/ssim/accel.cc:19:
build/RISCV/cpu/minor/ssim/./request.h:19:8: error: redefinition of 'struct dsa::sim::Request'
   19 | struct Request {
      |        ^~~~~~~
In file included from build/RISCV/cpu/minor/ssim/././mlx_spad_adapter.hh:10,
                 from build/RISCV/cpu/minor/ssim/././accel.hh:34,
                 from build/RISCV/cpu/minor/ssim/./ssim.hh:7,
                 from build/RISCV/cpu/minor/ssim/accel.cc:17:
build/RISCV/cpu/minor/ssim/././request.h:19:8: note: previous definition of 'struct dsa::sim::Request'
   19 | struct Request {
      |        ^~~~~~~
In file included from build/RISCV/cpu/minor/ssim/accel.cc:19:
build/RISCV/cpu/minor/ssim/./request.h:54:8: error: redefinition of 'struct dsa::sim::Entry'
   54 | struct Entry {
      |        ^~~~~
In file included from build/RISCV/cpu/minor/ssim/././mlx_spad_adapter.hh:10,
                 from build/RISCV/cpu/minor/ssim/././accel.hh:34,
                 from build/RISCV/cpu/minor/ssim/./ssim.hh:7,
                 from build/RISCV/cpu/minor/ssim/accel.cc:17:
build/RISCV/cpu/minor/ssim/././request.h:54:8: note: previous definition of 'struct dsa::sim::Entry'
   54 | struct Entry {
      |        ^~~~~
In file included from build/RISCV/cpu/minor/ssim/accel.cc:19:
build/RISCV/cpu/minor/ssim/./request.h:89:8: error: redefinition of 'struct dsa::sim::Response'
   89 | struct Response {
      |        ^~~~~~~~
In file included from build/RISCV/cpu/minor/ssim/././mlx_spad_adapter.hh:10,
                 from build/RISCV/cpu/minor/ssim/././accel.hh:34,
                 from build/RISCV/cpu/minor/ssim/./ssim.hh:7,
                 from build/RISCV/cpu/minor/ssim/accel.cc:17:
build/RISCV/cpu/minor/ssim/././request.h:89:8: note: previous definition of 'struct dsa::sim::Response'
   89 | struct Response {
      |        ^~~~~~~~
In file included from build/RISCV/cpu/minor/ssim/accel.cc:19:
build/RISCV/cpu/minor/ssim/./request.h:102:8: error: redefinition of 'struct dsa::sim::RequestBuffer'
  102 | struct RequestBuffer {
      |        ^~~~~~~~~~~~~
In file included from build/RISCV/cpu/minor/ssim/././mlx_spad_adapter.hh:10,
                 from build/RISCV/cpu/minor/ssim/././accel.hh:34,
                 from build/RISCV/cpu/minor/ssim/./ssim.hh:7,
                 from build/RISCV/cpu/minor/ssim/accel.cc:17:
build/RISCV/cpu/minor/ssim/././request.h:102:8: note: previous definition of 'struct dsa::sim::RequestBuffer'
  102 | struct RequestBuffer {
      |        ^~~~~~~~~~~~~
In file included from build/RISCV/cpu/minor/ssim/accel.cc:19:
build/RISCV/cpu/minor/ssim/./request.h:136:8: error: redefinition of 'struct dsa::sim::InputBuffer'
  136 | struct InputBuffer : RequestBuffer {
      |        ^~~~~~~~~~~
In file included from build/RISCV/cpu/minor/ssim/././mlx_spad_adapter.hh:10,
                 from build/RISCV/cpu/minor/ssim/././accel.hh:34,
                 from build/RISCV/cpu/minor/ssim/./ssim.hh:7,
                 from build/RISCV/cpu/minor/ssim/accel.cc:17:
build/RISCV/cpu/minor/ssim/././request.h:136:8: note: previous definition of 'struct dsa::sim::InputBuffer'
  136 | struct InputBuffer : RequestBuffer {
      |        ^~~~~~~~~~~
In file included from build/RISCV/cpu/minor/ssim/accel.cc:19:
build/RISCV/cpu/minor/ssim/./request.h:147:8: error: redefinition of 'struct dsa::sim::LinkBuffer'
  147 | struct LinkBuffer : RequestBuffer {
      |        ^~~~~~~~~~
In file included from build/RISCV/cpu/minor/ssim/././mlx_spad_adapter.hh:10,
                 from build/RISCV/cpu/minor/ssim/././accel.hh:34,
                 from build/RISCV/cpu/minor/ssim/./ssim.hh:7,
                 from build/RISCV/cpu/minor/ssim/accel.cc:17:
build/RISCV/cpu/minor/ssim/././request.h:147:8: note: previous definition of 'struct dsa::sim::LinkBuffer'
  147 | struct LinkBuffer : RequestBuffer {
      |        ^~~~~~~~~~
scons: *** [build/RISCV/cpu/minor/ssim/mlx_spad_adapter.o] Error 1
scons: *** [build/RISCV/cpu/minor/ssim/accel.o] Error 1
scons: building terminated because of errors.
*** Summary of Warnings ***
Warning: Your compiler doesn't support incremental linking and lto at the same
         time, so lto is being disabled. To force lto on anyway, use the
         --force-lto option. That will disable partial linking.
Warning: No suitable back trace implementation found.
