OpenROAD v2.0-17598-ga008522d8 
Features included (+) or not (-): +Charts +GPU +GUI +Python : None
This program is licensed under the BSD-3 license. See the LICENSE file for details.
Components of this program may be licensed under more restrictive licenses which must be honored.
[INFO ODB-0227] LEF file: /opt/OpenROAD-flow-scripts/flow/platforms/nangate45/lef/NangateOpenCellLibrary.tech.lef, created 22 layers, 27 vias
[INFO ODB-0227] LEF file: /opt/OpenROAD-flow-scripts/flow/platforms/nangate45/lef/NangateOpenCellLibrary.macro.lef, created 134 library cells
Annotated 165 pin activities.
PPA_TIMING_BEGIN
Startpoint: _4784_ (rising edge-triggered flip-flop clocked by clk)
Endpoint: _4721_ (rising edge-triggered flip-flop clocked by clk)
Path Group: clk
Path Type: max

        Cap        Slew       Delay        Time   Description
---------------------------------------------------------------------------------------
               0.000000    0.000000    0.000000   clock clk (rise edge)
                           0.000000    0.000000   clock network delay (ideal)
               0.000000    0.000000    0.000000 ^ _4784_/CK (DFFR_X1)
   3.965573    0.009048    0.088486    0.088486 v _4784_/Q (DFFR_X1)
   1.670716    0.015298    0.015739    0.104225 ^ _2581_/ZN (NAND3_X1)
   1.554231    0.018582    0.019644    0.123868 v _2588_/ZN (OAI21_X1)
   3.183042    0.056542    0.097843    0.221712 ^ _2589_/ZN (NOR4_X1)
   5.688344    0.048646    0.043648    0.265360 v _2594_/ZN (AOI22_X1)
   5.867906    0.022611    0.112945    0.378305 v _2671_/ZN (OR4_X1)
  25.039377    0.042911    0.166973    0.545277 v _2686_/ZN (OR4_X1)
  15.062628    0.080501    0.112738    0.658015 ^ _2687_/ZN (OAI21_X1)
   1.052731    0.009324    0.062284    0.720299 v _2692_/Z (MUX2_X1)
               0.009324    0.000000    0.720299 v _4721_/D (DFFR_X1)
                                       0.720299   data arrival time

               0.000000    1.000000    1.000000   clock clk (rise edge)
                           0.000000    1.000000   clock network delay (ideal)
                           0.000000    1.000000   clock reconvergence pessimism
                                       1.000000 ^ _4721_/CK (DFFR_X1)
                          -0.040827    0.959173   library setup time
                                       0.959173   data required time
---------------------------------------------------------------------------------------
                                       0.959173   data required time
                                      -0.720299   data arrival time
---------------------------------------------------------------------------------------
                                       0.238874   slack (MET)


PPA_TIMING_END
PPA_POWER_BEGIN
Group                  Internal  Switching    Leakage      Total
                          Power      Power      Power      Power (Watts)
----------------------------------------------------------------
Sequential             5.61e-03   7.40e-07   6.77e-05   5.68e-03  98.7%
Combinational          1.56e-06   3.50e-07   7.10e-05   7.30e-05   1.3%
Clock                  0.00e+00   0.00e+00   0.00e+00   0.00e+00   0.0%
Macro                  0.00e+00   0.00e+00   0.00e+00   0.00e+00   0.0%
Pad                    0.00e+00   0.00e+00   0.00e+00   0.00e+00   0.0%
----------------------------------------------------------------
Total                  5.62e-03   1.09e-06   1.39e-04   5.76e-03 100.0%
                          97.6%       0.0%       2.4%
PPA_POWER_END
