OpenROAD v2.0-17598-ga008522d8 
Features included (+) or not (-): +Charts +GPU +GUI +Python : None
This program is licensed under the BSD-3 license. See the LICENSE file for details.
Components of this program may be licensed under more restrictive licenses which must be honored.
[INFO ODB-0227] LEF file: /opt/OpenROAD-flow-scripts/flow/platforms/nangate45/lef/NangateOpenCellLibrary.tech.lef, created 22 layers, 27 vias
[INFO ODB-0227] LEF file: /opt/OpenROAD-flow-scripts/flow/platforms/nangate45/lef/NangateOpenCellLibrary.macro.lef, created 134 library cells
Annotated 521 pin activities.
PPA_TIMING_BEGIN
Startpoint: _263_ (rising edge-triggered flip-flop clocked by clk)
Endpoint: _263_ (rising edge-triggered flip-flop clocked by clk)
Path Group: clk
Path Type: max

        Cap        Slew       Delay        Time   Description
---------------------------------------------------------------------------------------
               0.000000    0.000000    0.000000   clock clk (rise edge)
                           0.000000    0.000000   clock network delay (ideal)
               0.000000    0.000000    0.000000 ^ _263_/CK (DFFR_X1)
   0.917039    0.005998    0.082701    0.082701 v _263_/Q (DFFR_X1)
   1.052731    0.009845    0.054549    0.137250 v _135_/Z (MUX2_X1)
               0.009845    0.000000    0.137250 v _263_/D (DFFR_X1)
                                       0.137250   data arrival time

               0.000000    1.000000    1.000000   clock clk (rise edge)
                           0.000000    1.000000   clock network delay (ideal)
                           0.000000    1.000000   clock reconvergence pessimism
                                       1.000000 ^ _263_/CK (DFFR_X1)
                          -0.041036    0.958964   library setup time
                                       0.958964   data required time
---------------------------------------------------------------------------------------
                                       0.958964   data required time
                                      -0.137250   data arrival time
---------------------------------------------------------------------------------------
                                       0.821714   slack (MET)


PPA_TIMING_END
PPA_POWER_BEGIN
Group                  Internal  Switching    Leakage      Total
                          Power      Power      Power      Power (Watts)
----------------------------------------------------------------
Sequential             1.30e-03   2.27e-05   1.16e-05   1.34e-03  67.2%
Combinational          1.25e-04   2.68e-05   5.01e-04   6.52e-04  32.8%
Clock                  0.00e+00   0.00e+00   0.00e+00   0.00e+00   0.0%
Macro                  0.00e+00   0.00e+00   0.00e+00   0.00e+00   0.0%
Pad                    0.00e+00   0.00e+00   0.00e+00   0.00e+00   0.0%
----------------------------------------------------------------
Total                  1.43e-03   4.95e-05   5.13e-04   1.99e-03 100.0%
                          71.7%       2.5%      25.8%
PPA_POWER_END
