OpenROAD v2.0-17598-ga008522d8 
Features included (+) or not (-): +Charts +GPU +GUI +Python : None
This program is licensed under the BSD-3 license. See the LICENSE file for details.
Components of this program may be licensed under more restrictive licenses which must be honored.
[INFO ODB-0227] LEF file: /opt/OpenROAD-flow-scripts/flow/platforms/nangate45/lef/NangateOpenCellLibrary.tech.lef, created 22 layers, 27 vias
[INFO ODB-0227] LEF file: /opt/OpenROAD-flow-scripts/flow/platforms/nangate45/lef/NangateOpenCellLibrary.macro.lef, created 134 library cells
Annotated 1551 pin activities.
PPA_TIMING_BEGIN
Startpoint: _12299_ (rising edge-triggered flip-flop clocked by clk)
Endpoint: _12299_ (rising edge-triggered flip-flop clocked by clk)
Path Group: clk
Path Type: max

        Cap        Slew       Delay        Time   Description
---------------------------------------------------------------------------------------
               0.000000    0.000000    0.000000   clock clk (rise edge)
                           0.000000    0.000000   clock network delay (ideal)
               0.000000    0.000000    0.000000 ^ _12299_/CK (DFFR_X1)
   4.297027    0.015067    0.105739    0.105739 ^ _12299_/Q (DFFR_X1)
   1.128277    0.255654    0.035895    0.141634 ^ _10762_/Z (MUX2_X1)
               0.255654    0.000000    0.141634 ^ _12299_/D (DFFR_X1)
                                       0.141634   data arrival time

               0.000000    1.000000    1.000000   clock clk (rise edge)
                           0.000000    1.000000   clock network delay (ideal)
                           0.000000    1.000000   clock reconvergence pessimism
                                       1.000000 ^ _12299_/CK (DFFR_X1)
                          -0.064759    0.935241   library setup time
                                       0.935241   data required time
---------------------------------------------------------------------------------------
                                       0.935241   data required time
                                      -0.141634   data arrival time
---------------------------------------------------------------------------------------
                                       0.793608   slack (MET)


PPA_TIMING_END
PPA_POWER_BEGIN
Group                  Internal  Switching    Leakage      Total
                          Power      Power      Power      Power (Watts)
----------------------------------------------------------------
Sequential             1.52e-02   3.17e-04   1.77e-04   1.57e-02  90.8%
Combinational          1.21e-03   2.02e-04   1.88e-04   1.60e-03   9.2%
Clock                  0.00e+00   0.00e+00   0.00e+00   0.00e+00   0.0%
Macro                  0.00e+00   0.00e+00   0.00e+00   0.00e+00   0.0%
Pad                    0.00e+00   0.00e+00   0.00e+00   0.00e+00   0.0%
----------------------------------------------------------------
Total                  1.64e-02   5.20e-04   3.66e-04   1.73e-02 100.0%
                          94.9%       3.0%       2.1%
PPA_POWER_END
