OpenROAD v2.0-17598-ga008522d8 
Features included (+) or not (-): +Charts +GPU +GUI +Python : None
This program is licensed under the BSD-3 license. See the LICENSE file for details.
Components of this program may be licensed under more restrictive licenses which must be honored.
[INFO ODB-0227] LEF file: /opt/OpenROAD-flow-scripts/flow/platforms/nangate45/lef/NangateOpenCellLibrary.tech.lef, created 22 layers, 27 vias
[INFO ODB-0227] LEF file: /opt/OpenROAD-flow-scripts/flow/platforms/nangate45/lef/NangateOpenCellLibrary.macro.lef, created 134 library cells
Annotated 564 pin activities.
PPA_TIMING_BEGIN
Startpoint: _14599_ (rising edge-triggered flip-flop clocked by clk)
Endpoint: _12355_ (rising edge-triggered flip-flop clocked by clk)
Path Group: clk
Path Type: max

        Cap        Slew       Delay        Time   Description
---------------------------------------------------------------------------------------
               0.000000    0.000000    0.000000   clock clk (rise edge)
                           0.000000    0.000000   clock network delay (ideal)
               0.000000    0.000000    0.000000 ^ _14599_/CK (DFFR_X1)
   6.666151    0.019812    0.110988    0.110988 ^ _14599_/Q (DFFR_X1)
   6.434058    0.010297    0.017966    0.128954 v _08249_/ZN (INV_X1)
 110.028618    0.789274    0.901213    1.030167 ^ _08278_/ZN (NOR3_X1)
 115.552109    0.211327    0.606979    1.637146 v _08279_/ZN (NAND2_X1)
   1.062342    0.016487    0.114147    1.751293 v _08280_/Z (MUX2_X1)
               0.016487    0.000000    1.751293 v _12355_/D (DFF_X1)
                                       1.751293   data arrival time

               0.000000    1.000000    1.000000   clock clk (rise edge)
                           0.000000    1.000000   clock network delay (ideal)
                           0.000000    1.000000   clock reconvergence pessimism
                                       1.000000 ^ _12355_/CK (DFF_X1)
                          -0.043441    0.956559   library setup time
                                       0.956559   data required time
---------------------------------------------------------------------------------------
                                       0.956559   data required time
                                      -1.751293   data arrival time
---------------------------------------------------------------------------------------
                                      -0.794734   slack (VIOLATED)


PPA_TIMING_END
PPA_POWER_BEGIN
Group                  Internal  Switching    Leakage      Total
                          Power      Power      Power      Power (Watts)
----------------------------------------------------------------
Sequential             2.21e-02   1.59e-04   2.44e-04   2.25e-02  88.9%
Combinational          1.56e-03   1.05e-03   1.88e-04   2.80e-03  11.1%
Clock                  0.00e+00   0.00e+00   0.00e+00   0.00e+00   0.0%
Macro                  0.00e+00   0.00e+00   0.00e+00   0.00e+00   0.0%
Pad                    0.00e+00   0.00e+00   0.00e+00   0.00e+00   0.0%
----------------------------------------------------------------
Total                  2.37e-02   1.21e-03   4.32e-04   2.53e-02 100.0%
                          93.5%       4.8%       1.7%
PPA_POWER_END
