OpenROAD v2.0-17598-ga008522d8 
Features included (+) or not (-): +Charts +GPU +GUI +Python : None
This program is licensed under the BSD-3 license. See the LICENSE file for details.
Components of this program may be licensed under more restrictive licenses which must be honored.
[INFO ODB-0227] LEF file: /opt/OpenROAD-flow-scripts/flow/platforms/nangate45/lef/NangateOpenCellLibrary.tech.lef, created 22 layers, 27 vias
[INFO ODB-0227] LEF file: /opt/OpenROAD-flow-scripts/flow/platforms/nangate45/lef/NangateOpenCellLibrary.macro.lef, created 134 library cells
Annotated 143 pin activities.
PPA_TIMING_BEGIN
Startpoint: _9177_ (rising edge-triggered flip-flop clocked by clk)
Endpoint: _9177_ (rising edge-triggered flip-flop clocked by clk)
Path Group: clk
Path Type: max

        Cap        Slew       Delay        Time   Description
---------------------------------------------------------------------------------------
               0.000000    0.000000    0.000000   clock clk (rise edge)
                           0.000000    0.000000   clock network delay (ideal)
               0.000000    0.000000    0.000000 ^ _9177_/CK (DFF_X1)
   2.451177    0.007189    0.080264    0.080264 v _9177_/Q (DFF_X1)
   1.062342    0.013443    0.055441    0.135705 v _5298_/Z (MUX2_X1)
               0.013443    0.000000    0.135705 v _9177_/D (DFF_X1)
                                       0.135705   data arrival time

               0.000000    1.000000    1.000000   clock clk (rise edge)
                           0.000000    1.000000   clock network delay (ideal)
                           0.000000    1.000000   clock reconvergence pessimism
                                       1.000000 ^ _9177_/CK (DFF_X1)
                          -0.042205    0.957795   library setup time
                                       0.957795   data required time
---------------------------------------------------------------------------------------
                                       0.957795   data required time
                                      -0.135705   data arrival time
---------------------------------------------------------------------------------------
                                       0.822090   slack (MET)


PPA_TIMING_END
PPA_POWER_BEGIN
Group                  Internal  Switching    Leakage      Total
                          Power      Power      Power      Power (Watts)
----------------------------------------------------------------
Sequential             1.42e-02   1.53e-06   1.56e-04   1.44e-02  99.0%
Combinational          1.07e-05   2.86e-06   1.36e-04   1.50e-04   1.0%
Clock                  0.00e+00   0.00e+00   0.00e+00   0.00e+00   0.0%
Macro                  0.00e+00   0.00e+00   0.00e+00   0.00e+00   0.0%
Pad                    0.00e+00   0.00e+00   0.00e+00   0.00e+00   0.0%
----------------------------------------------------------------
Total                  1.43e-02   4.39e-06   2.92e-04   1.45e-02 100.0%
                          98.0%       0.0%       2.0%
PPA_POWER_END
