OpenROAD v2.0-17598-ga008522d8 
Features included (+) or not (-): +Charts +GPU +GUI +Python : None
This program is licensed under the BSD-3 license. See the LICENSE file for details.
Components of this program may be licensed under more restrictive licenses which must be honored.
[INFO ODB-0227] LEF file: /opt/OpenROAD-flow-scripts/flow/platforms/nangate45/lef/NangateOpenCellLibrary.tech.lef, created 22 layers, 27 vias
[INFO ODB-0227] LEF file: /opt/OpenROAD-flow-scripts/flow/platforms/nangate45/lef/NangateOpenCellLibrary.macro.lef, created 134 library cells
Annotated 106 pin activities.
PPA_TIMING_BEGIN
Startpoint: _606_ (rising edge-triggered flip-flop clocked by clk)
Endpoint: _613_ (rising edge-triggered flip-flop clocked by clk)
Path Group: clk
Path Type: max

        Cap        Slew       Delay        Time   Description
---------------------------------------------------------------------------------------
               0.000000    0.000000    0.000000   clock clk (rise edge)
                           0.000000    0.000000   clock network delay (ideal)
               0.000000    0.000000    0.000000 ^ _606_/CK (DFFR_X1)
   7.654217    0.021804    0.113182    0.113182 ^ _606_/Q (DFFR_X1)
   3.932010    0.017039    0.028459    0.141642 v _513_/ZN (NAND3_X1)
   5.678124    0.033942    0.051807    0.193449 ^ _515_/ZN (NOR2_X1)
   3.932010    0.017157    0.031763    0.225212 v _519_/ZN (NAND3_X1)
   4.027747    0.026285    0.043432    0.268644 ^ _521_/ZN (NOR2_X1)
   2.368165    0.009596    0.018714    0.287358 v _523_/ZN (NAND2_X1)
   1.052731    0.008581    0.036938    0.324295 v _525_/ZN (XNOR2_X1)
               0.008581    0.000000    0.324295 v _613_/D (DFFR_X1)
                                       0.324295   data arrival time

               0.000000    1.000000    1.000000   clock clk (rise edge)
                           0.000000    1.000000   clock network delay (ideal)
                           0.000000    1.000000   clock reconvergence pessimism
                                       1.000000 ^ _613_/CK (DFFR_X1)
                          -0.040528    0.959472   library setup time
                                       0.959472   data required time
---------------------------------------------------------------------------------------
                                       0.959472   data required time
                                      -0.324295   data arrival time
---------------------------------------------------------------------------------------
                                       0.635177   slack (MET)


PPA_TIMING_END
PPA_POWER_BEGIN
Group                  Internal  Switching    Leakage      Total
                          Power      Power      Power      Power (Watts)
----------------------------------------------------------------
Sequential             1.15e-04   0.00e+00   1.39e-06   1.16e-04  93.7%
Combinational          6.75e-16   7.15e-16   7.79e-06   7.79e-06   6.3%
Clock                  0.00e+00   0.00e+00   0.00e+00   0.00e+00   0.0%
Macro                  0.00e+00   0.00e+00   0.00e+00   0.00e+00   0.0%
Pad                    0.00e+00   0.00e+00   0.00e+00   0.00e+00   0.0%
----------------------------------------------------------------
Total                  1.15e-04   7.15e-16   9.18e-06   1.24e-04 100.0%
                          92.6%       0.0%       7.4%
PPA_POWER_END
