OpenROAD v2.0-17598-ga008522d8 
Features included (+) or not (-): +Charts +GPU +GUI +Python : None
This program is licensed under the BSD-3 license. See the LICENSE file for details.
Components of this program may be licensed under more restrictive licenses which must be honored.
[INFO ODB-0227] LEF file: /opt/OpenROAD-flow-scripts/flow/platforms/nangate45/lef/NangateOpenCellLibrary.tech.lef, created 22 layers, 27 vias
[INFO ODB-0227] LEF file: /opt/OpenROAD-flow-scripts/flow/platforms/nangate45/lef/NangateOpenCellLibrary.macro.lef, created 134 library cells
Annotated 143 pin activities.
PPA_TIMING_BEGIN
Startpoint: _9369_ (rising edge-triggered flip-flop clocked by clk)
Endpoint: _9369_ (rising edge-triggered flip-flop clocked by clk)
Path Group: clk
Path Type: max

        Cap        Slew       Delay        Time   Description
---------------------------------------------------------------------------------------
               0.000000    0.000000    0.000000   clock clk (rise edge)
                           0.000000    0.000000   clock network delay (ideal)
               0.000000    0.000000    0.000000 ^ _9369_/CK (DFFR_X1)
   2.451177    0.007599    0.085815    0.085815 v _9369_/Q (DFFR_X1)
   1.052731    0.013432    0.055585    0.141400 v _5298_/Z (MUX2_X1)
               0.013432    0.000000    0.141400 v _9369_/D (DFFR_X1)
                                       0.141400   data arrival time

               0.000000    1.000000    1.000000   clock clk (rise edge)
                           0.000000    1.000000   clock network delay (ideal)
                           0.000000    1.000000   clock reconvergence pessimism
                                       1.000000 ^ _9369_/CK (DFFR_X1)
                          -0.042480    0.957520   library setup time
                                       0.957520   data required time
---------------------------------------------------------------------------------------
                                       0.957520   data required time
                                      -0.141400   data arrival time
---------------------------------------------------------------------------------------
                                       0.816120   slack (MET)


PPA_TIMING_END
PPA_POWER_BEGIN
Group                  Internal  Switching    Leakage      Total
                          Power      Power      Power      Power (Watts)
----------------------------------------------------------------
Sequential             1.50e-02   8.70e-05   1.74e-04   1.53e-02  96.9%
Combinational          2.84e-04   7.60e-05   1.36e-04   4.97e-04   3.1%
Clock                  0.00e+00   0.00e+00   0.00e+00   0.00e+00   0.0%
Macro                  0.00e+00   0.00e+00   0.00e+00   0.00e+00   0.0%
Pad                    0.00e+00   0.00e+00   0.00e+00   0.00e+00   0.0%
----------------------------------------------------------------
Total                  1.53e-02   1.63e-04   3.11e-04   1.58e-02 100.0%
                          97.0%       1.0%       2.0%
PPA_POWER_END
