OpenROAD v2.0-17598-ga008522d8 
Features included (+) or not (-): +Charts +GPU +GUI +Python : None
This program is licensed under the BSD-3 license. See the LICENSE file for details.
Components of this program may be licensed under more restrictive licenses which must be honored.
[INFO ODB-0227] LEF file: /opt/OpenROAD-flow-scripts/flow/platforms/nangate45/lef/NangateOpenCellLibrary.tech.lef, created 22 layers, 27 vias
[INFO ODB-0227] LEF file: /opt/OpenROAD-flow-scripts/flow/platforms/nangate45/lef/NangateOpenCellLibrary.macro.lef, created 134 library cells
Annotated 399 pin activities.
PPA_TIMING_BEGIN
Startpoint: _12099_ (rising edge-triggered flip-flop clocked by clk)
Endpoint: _12099_ (rising edge-triggered flip-flop clocked by clk)
Path Group: clk
Path Type: max

        Cap        Slew       Delay        Time   Description
---------------------------------------------------------------------------------------
               0.000000    0.000000    0.000000   clock clk (rise edge)
                           0.000000    0.000000   clock network delay (ideal)
               0.000000    0.000000    0.000000 ^ _12099_/CK (DFFR_X1)
   4.002652    0.009082    0.088543    0.088543 v _12099_/Q (DFFR_X1)
   1.052731    0.029613    0.056215    0.144758 v _08753_/Z (MUX2_X1)
               0.029613    0.000000    0.144758 v _12099_/D (DFFR_X1)
                                       0.144758   data arrival time

               0.000000    1.000000    1.000000   clock clk (rise edge)
                           0.000000    1.000000   clock network delay (ideal)
                           0.000000    1.000000   clock reconvergence pessimism
                                       1.000000 ^ _12099_/CK (DFFR_X1)
                          -0.048992    0.951008   library setup time
                                       0.951008   data required time
---------------------------------------------------------------------------------------
                                       0.951008   data required time
                                      -0.144758   data arrival time
---------------------------------------------------------------------------------------
                                       0.806250   slack (MET)


PPA_TIMING_END
PPA_POWER_BEGIN
Group                  Internal  Switching    Leakage      Total
                          Power      Power      Power      Power (Watts)
----------------------------------------------------------------
Sequential             1.70e-02   9.68e-04   1.76e-04   1.82e-02  83.9%
Combinational          2.54e-03   7.41e-04   2.20e-04   3.50e-03  16.1%
Clock                  0.00e+00   0.00e+00   0.00e+00   0.00e+00   0.0%
Macro                  0.00e+00   0.00e+00   0.00e+00   0.00e+00   0.0%
Pad                    0.00e+00   0.00e+00   0.00e+00   0.00e+00   0.0%
----------------------------------------------------------------
Total                  1.96e-02   1.71e-03   3.96e-04   2.17e-02 100.0%
                          90.3%       7.9%       1.8%
PPA_POWER_END
