OpenROAD v2.0-17598-ga008522d8 
Features included (+) or not (-): +Charts +GPU +GUI +Python : None
This program is licensed under the BSD-3 license. See the LICENSE file for details.
Components of this program may be licensed under more restrictive licenses which must be honored.
[INFO ODB-0227] LEF file: /opt/OpenROAD-flow-scripts/flow/platforms/nangate45/lef/NangateOpenCellLibrary.tech.lef, created 22 layers, 27 vias
[INFO ODB-0227] LEF file: /opt/OpenROAD-flow-scripts/flow/platforms/nangate45/lef/NangateOpenCellLibrary.macro.lef, created 134 library cells
Annotated 521 pin activities.
PPA_TIMING_BEGIN
Startpoint: _265_ (rising edge-triggered flip-flop clocked by clk)
Endpoint: _265_ (rising edge-triggered flip-flop clocked by clk)
Path Group: clk
Path Type: max

        Cap        Slew       Delay        Time   Description
---------------------------------------------------------------------------------------
               0.000000    0.000000    0.000000   clock clk (rise edge)
                           0.000000    0.000000   clock network delay (ideal)
               0.000000    0.000000    0.000000 ^ _265_/CK (DFFR_X1)
   0.917039    0.005998    0.082701    0.082701 v _265_/Q (DFFR_X1)
   1.052731    0.009845    0.054549    0.137250 v _135_/Z (MUX2_X1)
               0.009845    0.000000    0.137250 v _265_/D (DFFR_X1)
                                       0.137250   data arrival time

               0.000000    1.000000    1.000000   clock clk (rise edge)
                           0.000000    1.000000   clock network delay (ideal)
                           0.000000    1.000000   clock reconvergence pessimism
                                       1.000000 ^ _265_/CK (DFFR_X1)
                          -0.041036    0.958964   library setup time
                                       0.958964   data required time
---------------------------------------------------------------------------------------
                                       0.958964   data required time
                                      -0.137250   data arrival time
---------------------------------------------------------------------------------------
                                       0.821714   slack (MET)


PPA_TIMING_END
PPA_POWER_BEGIN
Group                  Internal  Switching    Leakage      Total
                          Power      Power      Power      Power (Watts)
----------------------------------------------------------------
Sequential             1.84e-03   7.29e-05   1.15e-05   1.93e-03  63.0%
Combinational          3.93e-04   8.93e-05   6.49e-04   1.13e-03  37.0%
Clock                  0.00e+00   0.00e+00   0.00e+00   0.00e+00   0.0%
Macro                  0.00e+00   0.00e+00   0.00e+00   0.00e+00   0.0%
Pad                    0.00e+00   0.00e+00   0.00e+00   0.00e+00   0.0%
----------------------------------------------------------------
Total                  2.24e-03   1.62e-04   6.60e-04   3.06e-03 100.0%
                          73.1%       5.3%      21.6%
PPA_POWER_END
