OpenROAD v2.0-17598-ga008522d8 
Features included (+) or not (-): +Charts +GPU +GUI +Python : None
This program is licensed under the BSD-3 license. See the LICENSE file for details.
Components of this program may be licensed under more restrictive licenses which must be honored.
[INFO ODB-0227] LEF file: /opt/OpenROAD-flow-scripts/flow/platforms/nangate45/lef/NangateOpenCellLibrary.tech.lef, created 22 layers, 27 vias
[INFO ODB-0227] LEF file: /opt/OpenROAD-flow-scripts/flow/platforms/nangate45/lef/NangateOpenCellLibrary.macro.lef, created 134 library cells
Annotated 101 pin activities.
PPA_TIMING_BEGIN
Startpoint: _2438_ (rising edge-triggered flip-flop clocked by clk)
Endpoint: _2439_ (rising edge-triggered flip-flop clocked by clk)
Path Group: clk
Path Type: max

        Cap        Slew       Delay        Time   Description
---------------------------------------------------------------------------------------
               0.000000    0.000000    0.000000   clock clk (rise edge)
                           0.000000    0.000000   clock network delay (ideal)
               0.000000    0.000000    0.000000 ^ _2438_/CK (DFFR_X1)
   2.428898    0.007577    0.085775    0.085775 v _2438_/Q (DFFR_X1)
   1.670716    0.010337    0.013646    0.099422 ^ _1660_/ZN (NAND2_X1)
   0.892889    0.017291    0.016488    0.115909 v _1661_/ZN (OAI21_X1)
   1.459832    0.016985    0.117763    0.233673 v _1664_/ZN (OR4_X1)
  18.985291    0.098452    0.117800    0.351473 ^ _1668_/ZN (OAI21_X1)
   5.867906    0.036831    0.062696    0.414169 v _1682_/ZN (NAND4_X1)
  24.842392    0.042715    0.171145    0.585314 v _1697_/ZN (OR4_X1)
  15.023606    0.080170    0.112464    0.697778 ^ _1985_/ZN (OAI21_X1)
   1.052731    0.009451    0.062282    0.760059 v _1989_/Z (MUX2_X1)
               0.009451    0.000000    0.760059 v _2439_/D (DFFR_X1)
                                       0.760059   data arrival time

               0.000000    1.000000    1.000000   clock clk (rise edge)
                           0.000000    1.000000   clock network delay (ideal)
                           0.000000    1.000000   clock reconvergence pessimism
                                       1.000000 ^ _2439_/CK (DFFR_X1)
                          -0.040878    0.959122   library setup time
                                       0.959122   data required time
---------------------------------------------------------------------------------------
                                       0.959122   data required time
                                      -0.760059   data arrival time
---------------------------------------------------------------------------------------
                                       0.199063   slack (MET)


PPA_TIMING_END
PPA_POWER_BEGIN
Group                  Internal  Switching    Leakage      Total
                          Power      Power      Power      Power (Watts)
----------------------------------------------------------------
Sequential             1.93e-03   8.35e-06   2.33e-05   1.97e-03  94.3%
Combinational          3.66e-05   4.38e-05   3.73e-05   1.18e-04   5.7%
Clock                  0.00e+00   0.00e+00   0.00e+00   0.00e+00   0.0%
Macro                  0.00e+00   0.00e+00   0.00e+00   0.00e+00   0.0%
Pad                    0.00e+00   0.00e+00   0.00e+00   0.00e+00   0.0%
----------------------------------------------------------------
Total                  1.97e-03   5.21e-05   6.06e-05   2.08e-03 100.0%
                          94.6%       2.5%       2.9%
PPA_POWER_END
